Archive member included to satisfy reference by file (symbol)

c:/siliconlabs/simplicitystudio/v5/developer/toolchains/gnu_arm/10.3_2021.10/bin/../lib/gcc/arm-none-eabi/10.3.1/thumb/v7-m/nofp\libgcc.a(_aeabi_ldivmod.o)
                              ./gecko_sdk_4.3.1/platform/service/sleeptimer/src/sl_sleeptimer.o (__aeabi_ldivmod)
c:/siliconlabs/simplicitystudio/v5/developer/toolchains/gnu_arm/10.3_2021.10/bin/../lib/gcc/arm-none-eabi/10.3.1/thumb/v7-m/nofp\libgcc.a(_aeabi_uldivmod.o)
                              ./gecko_sdk_4.3.1/platform/service/sleeptimer/src/sl_sleeptimer.o (__aeabi_uldivmod)
c:/siliconlabs/simplicitystudio/v5/developer/toolchains/gnu_arm/10.3_2021.10/bin/../lib/gcc/arm-none-eabi/10.3.1/thumb/v7-m/nofp\libgcc.a(_udivmoddi4.o)
                              c:/siliconlabs/simplicitystudio/v5/developer/toolchains/gnu_arm/10.3_2021.10/bin/../lib/gcc/arm-none-eabi/10.3.1/thumb/v7-m/nofp\libgcc.a(_aeabi_ldivmod.o) (__udivmoddi4)
c:/siliconlabs/simplicitystudio/v5/developer/toolchains/gnu_arm/10.3_2021.10/bin/../lib/gcc/arm-none-eabi/10.3.1/thumb/v7-m/nofp\libgcc.a(_dvmd_tls.o)
                              c:/siliconlabs/simplicitystudio/v5/developer/toolchains/gnu_arm/10.3_2021.10/bin/../lib/gcc/arm-none-eabi/10.3.1/thumb/v7-m/nofp\libgcc.a(_aeabi_ldivmod.o) (__aeabi_ldiv0)
c:/siliconlabs/simplicitystudio/v5/developer/toolchains/gnu_arm/10.3_2021.10/bin/../lib/gcc/arm-none-eabi/10.3.1/../../../../arm-none-eabi/lib/thumb/v7-m/nofp\libc_nano.a(lib_a-exit.o)
                              c:/siliconlabs/simplicitystudio/v5/developer/toolchains/gnu_arm/10.3_2021.10/bin/../lib/gcc/arm-none-eabi/10.3.1/../../../../arm-none-eabi/lib/thumb/v7-m/nofp/crt0.o (exit)
c:/siliconlabs/simplicitystudio/v5/developer/toolchains/gnu_arm/10.3_2021.10/bin/../lib/gcc/arm-none-eabi/10.3.1/../../../../arm-none-eabi/lib/thumb/v7-m/nofp\libc_nano.a(lib_a-impure.o)
                              c:/siliconlabs/simplicitystudio/v5/developer/toolchains/gnu_arm/10.3_2021.10/bin/../lib/gcc/arm-none-eabi/10.3.1/../../../../arm-none-eabi/lib/thumb/v7-m/nofp\libc_nano.a(lib_a-exit.o) (_global_impure_ptr)
c:/siliconlabs/simplicitystudio/v5/developer/toolchains/gnu_arm/10.3_2021.10/bin/../lib/gcc/arm-none-eabi/10.3.1/../../../../arm-none-eabi/lib/thumb/v7-m/nofp\libc_nano.a(lib_a-init.o)
                              c:/siliconlabs/simplicitystudio/v5/developer/toolchains/gnu_arm/10.3_2021.10/bin/../lib/gcc/arm-none-eabi/10.3.1/../../../../arm-none-eabi/lib/thumb/v7-m/nofp/crt0.o (__libc_init_array)
c:/siliconlabs/simplicitystudio/v5/developer/toolchains/gnu_arm/10.3_2021.10/bin/../lib/gcc/arm-none-eabi/10.3.1/../../../../arm-none-eabi/lib/thumb/v7-m/nofp\libc_nano.a(lib_a-memset.o)
                              c:/siliconlabs/simplicitystudio/v5/developer/toolchains/gnu_arm/10.3_2021.10/bin/../lib/gcc/arm-none-eabi/10.3.1/../../../../arm-none-eabi/lib/thumb/v7-m/nofp/crt0.o (memset)
c:/siliconlabs/simplicitystudio/v5/developer/toolchains/gnu_arm/10.3_2021.10/bin/../lib/gcc/arm-none-eabi/10.3.1/../../../../arm-none-eabi/lib/thumb/v7-m/nofp\libc_nano.a(lib_a-printf.o)
                              ./main.o (printf)
c:/siliconlabs/simplicitystudio/v5/developer/toolchains/gnu_arm/10.3_2021.10/bin/../lib/gcc/arm-none-eabi/10.3.1/../../../../arm-none-eabi/lib/thumb/v7-m/nofp\libc_nano.a(lib_a-putchar.o)
                              ./src/usb_hid.o (putchar)
c:/siliconlabs/simplicitystudio/v5/developer/toolchains/gnu_arm/10.3_2021.10/bin/../lib/gcc/arm-none-eabi/10.3.1/../../../../arm-none-eabi/lib/thumb/v7-m/nofp\libc_nano.a(lib_a-puts.o)
                              ./src/usb_hid.o (puts)
c:/siliconlabs/simplicitystudio/v5/developer/toolchains/gnu_arm/10.3_2021.10/bin/../lib/gcc/arm-none-eabi/10.3.1/../../../../arm-none-eabi/lib/thumb/v7-m/nofp\libc_nano.a(lib_a-setvbuf.o)
                              ./gecko_sdk_4.3.1/platform/service/iostream/src/sl_iostream_stdlib_config.o (setvbuf)
c:/siliconlabs/simplicitystudio/v5/developer/toolchains/gnu_arm/10.3_2021.10/bin/../lib/gcc/arm-none-eabi/10.3.1/../../../../arm-none-eabi/lib/thumb/v7-m/nofp\libc_nano.a(lib_a-sprintf.o)
                              ./src/usb_enum.o (sprintf)
c:/siliconlabs/simplicitystudio/v5/developer/toolchains/gnu_arm/10.3_2021.10/bin/../lib/gcc/arm-none-eabi/10.3.1/../../../../arm-none-eabi/lib/thumb/v7-m/nofp\libc_nano.a(lib_a-strcmp.o)
                              ./autogen/sl_iostream_handles.o (strcmp)
c:/siliconlabs/simplicitystudio/v5/developer/toolchains/gnu_arm/10.3_2021.10/bin/../lib/gcc/arm-none-eabi/10.3.1/../../../../arm-none-eabi/lib/thumb/v7-m/nofp\libc_nano.a(lib_a-strlen.o)
                              ./imports/segmentlcd.o (strlen)
c:/siliconlabs/simplicitystudio/v5/developer/toolchains/gnu_arm/10.3_2021.10/bin/../lib/gcc/arm-none-eabi/10.3.1/../../../../arm-none-eabi/lib/thumb/v7-m/nofp\libc_nano.a(lib_a-vprintf.o)
                              ./gecko_sdk_4.3.1/platform/service/iostream/src/sl_iostream.o (vprintf)
[...]
Memory Configuration

Name             Origin             Length             Attributes
FLASH            0x00000000         0x00100000         xr
RAM              0x20000000         0x00020000         xrw
*default*        0x00000000         0xffffffff

Linker script and memory map

LOAD c:/siliconlabs/simplicitystudio/v5/developer/toolchains/gnu_arm/10.3_2021.10/bin/../lib/gcc/arm-none-eabi/10.3.1/thumb/v7-m/nofp/crti.o
LOAD c:/siliconlabs/simplicitystudio/v5/developer/toolchains/gnu_arm/10.3_2021.10/bin/../lib/gcc/arm-none-eabi/10.3.1/thumb/v7-m/nofp/crtbegin.o
LOAD c:/siliconlabs/simplicitystudio/v5/developer/toolchains/gnu_arm/10.3_2021.10/bin/../lib/gcc/arm-none-eabi/10.3.1/../../../../arm-none-eabi/lib/thumb/v7-m/nofp/crt0.o
START GROUP
LOAD ./app.o
LOAD ./main.o
LOAD ./autogen/sl_board_default_init.o
LOAD ./autogen/sl_device_init_clocks.o
LOAD ./autogen/sl_event_handler.o
LOAD ./autogen/sl_iostream_handles.o
LOAD ./autogen/sl_power_manager_handler.o
LOAD ./autogen/sl_simple_button_instances.o
LOAD ./autogen/sl_simple_led_instances.o
LOAD ./debug_utils/redirect_printf.o
LOAD ./gecko_sdk_4.3.1/hardware/board/src/sl_board_control_gpio.o
LOAD ./gecko_sdk_4.3.1/hardware/board/src/sl_board_init.o
LOAD ./gecko_sdk_4.3.1/platform/Device/SiliconLabs/EFM32GG/Source/startup_efm32gg.o
LOAD ./gecko_sdk_4.3.1/platform/Device/SiliconLabs/EFM32GG/Source/system_efm32gg.o
LOAD ./gecko_sdk_4.3.1/platform/common/src/sl_assert.o
LOAD ./gecko_sdk_4.3.1/platform/common/src/sl_slist.o
LOAD ./gecko_sdk_4.3.1/platform/common/toolchain/src/sl_memory.o
LOAD ./gecko_sdk_4.3.1/platform/driver/button/src/sl_button.o
LOAD ./gecko_sdk_4.3.1/platform/driver/button/src/sl_simple_button.o
LOAD ./gecko_sdk_4.3.1/platform/driver/debug/src/sl_debug_swo.o
LOAD ./gecko_sdk_4.3.1/platform/driver/leddrv/src/sl_led.o
LOAD ./gecko_sdk_4.3.1/platform/driver/leddrv/src/sl_simple_led.o
LOAD ./gecko_sdk_4.3.1/platform/emdrv/gpiointerrupt/src/gpiointerrupt.o
LOAD ./gecko_sdk_4.3.1/platform/emlib/src/em_burtc.o
LOAD ./gecko_sdk_4.3.1/platform/emlib/src/em_cmu.o
LOAD ./gecko_sdk_4.3.1/platform/emlib/src/em_core.o
LOAD ./gecko_sdk_4.3.1/platform/emlib/src/em_emu.o
LOAD ./gecko_sdk_4.3.1/platform/emlib/src/em_gpio.o
LOAD ./gecko_sdk_4.3.1/platform/emlib/src/em_msc.o
LOAD ./gecko_sdk_4.3.1/platform/emlib/src/em_rtc.o
LOAD ./gecko_sdk_4.3.1/platform/emlib/src/em_system.o
LOAD ./gecko_sdk_4.3.1/platform/emlib/src/em_timer.o
LOAD ./gecko_sdk_4.3.1/platform/service/device_init/src/sl_device_init_emu_s0.o
LOAD ./gecko_sdk_4.3.1/platform/service/device_init/src/sl_device_init_hfxo_s0.o
LOAD ./gecko_sdk_4.3.1/platform/service/device_init/src/sl_device_init_lfxo_s0.o
LOAD ./gecko_sdk_4.3.1/platform/service/device_init/src/sl_device_init_nvic.o
LOAD ./gecko_sdk_4.3.1/platform/service/iostream/src/sl_iostream.o
LOAD ./gecko_sdk_4.3.1/platform/service/iostream/src/sl_iostream_retarget_stdio.o
LOAD ./gecko_sdk_4.3.1/platform/service/iostream/src/sl_iostream_stdlib_config.o
LOAD ./gecko_sdk_4.3.1/platform/service/iostream/src/sl_iostream_swo.o
LOAD ./gecko_sdk_4.3.1/platform/service/power_manager/src/sl_power_manager.o
LOAD ./gecko_sdk_4.3.1/platform/service/power_manager/src/sl_power_manager_debug.o
LOAD ./gecko_sdk_4.3.1/platform/service/power_manager/src/sl_power_manager_hal_s0_s1.o
LOAD ./gecko_sdk_4.3.1/platform/service/sleeptimer/src/sl_sleeptimer.o
LOAD ./gecko_sdk_4.3.1/platform/service/sleeptimer/src/sl_sleeptimer_hal_rtc.o
LOAD ./gecko_sdk_4.3.1/platform/service/sleeptimer/src/sl_sleeptimer_hal_timer.o
LOAD ./gecko_sdk_4.3.1/platform/service/system/src/sl_system_init.o
LOAD ./gecko_sdk_4.3.1/platform/service/system/src/sl_system_process_action.o
LOAD ./imports/em_usbd.o
LOAD ./imports/em_usbdch9.o
LOAD ./imports/em_usbdep.o
LOAD ./imports/em_usbdint.o
LOAD ./imports/em_usbh.o
LOAD ./imports/em_usbhal.o
LOAD ./imports/em_usbhep.o
LOAD ./imports/em_usbhint.o
LOAD ./imports/em_usbtimer.o
LOAD ./imports/segmentlcd.o
LOAD ./src/usb_enum.o
LOAD ./src/usb_hid.o
LOAD c:/siliconlabs/simplicitystudio/v5/developer/toolchains/gnu_arm/10.3_2021.10/bin/../lib/gcc/arm-none-eabi/10.3.1/thumb/v7-m/nofp\libgcc.a
LOAD c:/siliconlabs/simplicitystudio/v5/developer/toolchains/gnu_arm/10.3_2021.10/bin/../lib/gcc/arm-none-eabi/10.3.1/../../../../arm-none-eabi/lib/thumb/v7-m/nofp\libc_nano.a
LOAD c:/siliconlabs/simplicitystudio/v5/developer/toolchains/gnu_arm/10.3_2021.10/bin/../lib/gcc/arm-none-eabi/10.3.1/../../../../arm-none-eabi/lib/thumb/v7-m/nofp\libm.a
LOAD c:/siliconlabs/simplicitystudio/v5/developer/toolchains/gnu_arm/10.3_2021.10/bin/../lib/gcc/arm-none-eabi/10.3.1/../../../../arm-none-eabi/lib/thumb/v7-m/nofp\libnosys.a
END GROUP
START GROUP
LOAD c:/siliconlabs/simplicitystudio/v5/developer/toolchains/gnu_arm/10.3_2021.10/bin/../lib/gcc/arm-none-eabi/10.3.1/thumb/v7-m/nofp\libgcc.a
LOAD c:/siliconlabs/simplicitystudio/v5/developer/toolchains/gnu_arm/10.3_2021.10/bin/../lib/gcc/arm-none-eabi/10.3.1/../../../../arm-none-eabi/lib/thumb/v7-m/nofp\libc_nano.a
LOAD c:/siliconlabs/simplicitystudio/v5/developer/toolchains/gnu_arm/10.3_2021.10/bin/../lib/gcc/arm-none-eabi/10.3.1/../../../../arm-none-eabi/lib/thumb/v7-m/nofp\libnosys.a
END GROUP
START GROUP
LOAD c:/siliconlabs/simplicitystudio/v5/developer/toolchains/gnu_arm/10.3_2021.10/bin/../lib/gcc/arm-none-eabi/10.3.1/thumb/v7-m/nofp\libgcc.a
LOAD c:/siliconlabs/simplicitystudio/v5/developer/toolchains/gnu_arm/10.3_2021.10/bin/../lib/gcc/arm-none-eabi/10.3.1/../../../../arm-none-eabi/lib/thumb/v7-m/nofp\libg_nano.a
LOAD c:/siliconlabs/simplicitystudio/v5/developer/toolchains/gnu_arm/10.3_2021.10/bin/../lib/gcc/arm-none-eabi/10.3.1/../../../../arm-none-eabi/lib/thumb/v7-m/nofp\libc_nano.a
END GROUP
START GROUP
LOAD c:/siliconlabs/simplicitystudio/v5/developer/toolchains/gnu_arm/10.3_2021.10/bin/../lib/gcc/arm-none-eabi/10.3.1/thumb/v7-m/nofp\libgcc.a
LOAD c:/siliconlabs/simplicitystudio/v5/developer/toolchains/gnu_arm/10.3_2021.10/bin/../lib/gcc/arm-none-eabi/10.3.1/../../../../arm-none-eabi/lib/thumb/v7-m/nofp\libc_nano.a
END GROUP
LOAD c:/siliconlabs/simplicitystudio/v5/developer/toolchains/gnu_arm/10.3_2021.10/bin/../lib/gcc/arm-none-eabi/10.3.1/thumb/v7-m/nofp/crtend.o
LOAD c:/siliconlabs/simplicitystudio/v5/developer/toolchains/gnu_arm/10.3_2021.10/bin/../lib/gcc/arm-none-eabi/10.3.1/thumb/v7-m/nofp/crtn.o

.text           0x00000000     0x65ac
                0x00000000                linker_vectors_begin = .
 *(.vectors)
 .vectors       0x00000000       0xdc ./gecko_sdk_4.3.1/platform/Device/SiliconLabs/EFM32GG/Source/startup_efm32gg.o
                0x00000000                __Vectors
                0x000000dc                linker_vectors_end = .
                0x000000dc                __Vectors_End = .
                0x000000dc                __Vectors_Size = (__Vectors_End - __Vectors)
                0x000000dc                linker_code_begin = .
 *(SORT_BY_ALIGNMENT(.text*))
 .text          0x000000dc       0x40 c:/siliconlabs/simplicitystudio/v5/developer/toolchains/gnu_arm/10.3_2021.10/bin/../lib/gcc/arm-none-eabi/10.3.1/thumb/v7-m/nofp/crtbegin.o
 .text          0x0000011c       0x7c c:/siliconlabs/simplicitystudio/v5/developer/toolchains/gnu_arm/10.3_2021.10/bin/../lib/gcc/arm-none-eabi/10.3.1/../../../../arm-none-eabi/lib/thumb/v7-m/nofp/crt0.o
                0x0000011c                _stack_init
                0x00000124                _start
                0x00000124                _mainCRTStartup
 .text.startup.main
                0x00000198       0x1c ./main.o
                0x00000198                main
 .text.sl_device_init_clocks
                0x000001b4       0x50 ./autogen/sl_device_init_clocks.o
                0x000001b4                sl_device_init_clocks
 .text.sl_platform_init
                0x00000204       0x6c ./autogen/sl_event_handler.o
                0x00000204                sl_platform_init
 .text.sl_simple_button_init_instances
                0x00000270        0xc ./autogen/sl_simple_button_instances.o
                0x00000270                sl_simple_button_init_instances
 .text.sl_simple_led_init_instances
                0x0000027c        0xc ./autogen/sl_simple_led_instances.o
                0x0000027c                sl_simple_led_init_instances
 .text.SWO_Setup_config
                0x00000288       0xc0 ./debug_utils/redirect_printf.o
                0x00000288                SWO_Setup_config
 .text.sl_board_init
                0x00000348       0x18 ./gecko_sdk_4.3.1/hardware/board/src/sl_board_init.o
                0x00000348                sl_board_init
 .text.sl_board_preinit
                0x00000360        0xc ./gecko_sdk_4.3.1/hardware/board/src/sl_board_init.o
                0x00000360                sl_board_preinit
 .text.Reset_Handler
                0x0000036c       0x60 ./gecko_sdk_4.3.1/platform/Device/SiliconLabs/EFM32GG/Source/startup_efm32gg.o
                0x0000036c                Reset_Handler
 .text.SystemMaxCoreClockGet
                0x000003cc        0x8 ./gecko_sdk_4.3.1/platform/Device/SiliconLabs/EFM32GG/Source/system_efm32gg.o
                0x000003cc                SystemMaxCoreClockGet
 .text.SystemHFClockGet
                0x000003d4       0xc8 ./gecko_sdk_4.3.1/platform/Device/SiliconLabs/EFM32GG/Source/system_efm32gg.o
                0x000003d4                SystemHFClockGet
 .text.SystemCoreClockGet
                0x0000049c       0x20 ./gecko_sdk_4.3.1/platform/Device/SiliconLabs/EFM32GG/Source/system_efm32gg.o
                0x0000049c                SystemCoreClockGet
 .text.SystemHFXOClockGet
                0x000004bc        0xc ./gecko_sdk_4.3.1/platform/Device/SiliconLabs/EFM32GG/Source/system_efm32gg.o
                0x000004bc                SystemHFXOClockGet
 .text.SystemHFXOClockSet
                0x000004c8       0x1c ./gecko_sdk_4.3.1/platform/Device/SiliconLabs/EFM32GG/Source/system_efm32gg.o
                0x000004c8                SystemHFXOClockSet
 .text.SystemInit
                0x000004e4       0x10 ./gecko_sdk_4.3.1/platform/Device/SiliconLabs/EFM32GG/Source/system_efm32gg.o
                0x000004e4                SystemInit
 .text.SystemLFXOClockGet
                0x000004f4        0xc ./gecko_sdk_4.3.1/platform/Device/SiliconLabs/EFM32GG/Source/system_efm32gg.o
                0x000004f4                SystemLFXOClockGet
 .text.sl_slist_push
                0x00000500       0x20 ./gecko_sdk_4.3.1/platform/common/src/sl_slist.o
                0x00000500                sl_slist_push
 .text._sbrk    0x00000520       0x20 ./gecko_sdk_4.3.1/platform/common/toolchain/src/sl_memory.o
                0x00000520                _sbrk
 .text.GPIO_PinInGet
                0x00000540       0x44 ./gecko_sdk_4.3.1/platform/driver/button/src/sl_simple_button.o
 .text.sl_simple_button_init
                0x00000584       0x70 ./gecko_sdk_4.3.1/platform/driver/button/src/sl_simple_button.o
                0x00000584                sl_simple_button_init
 .text.sl_debug_swo_init
                0x000005f4       0xcc ./gecko_sdk_4.3.1/platform/driver/debug/src/sl_debug_swo.o
                0x000005f4                sl_debug_swo_init
 .text.sl_debug_swo_write_u8
                0x000006c0       0x44 ./gecko_sdk_4.3.1/platform/driver/debug/src/sl_debug_swo.o
                0x000006c0                sl_debug_swo_write_u8
 .text.GPIO_PinOutClear
                0x00000704       0x44 ./gecko_sdk_4.3.1/platform/driver/leddrv/src/sl_simple_led.o
 .text.GPIO_PinOutSet
                0x00000748       0x44 ./gecko_sdk_4.3.1/platform/driver/leddrv/src/sl_simple_led.o
 .text.sl_simple_led_init
                0x0000078c       0x34 ./gecko_sdk_4.3.1/platform/driver/leddrv/src/sl_simple_led.o
                0x0000078c                sl_simple_led_init
 .text.sl_simple_led_toggle
                0x000007c0       0x40 ./gecko_sdk_4.3.1/platform/driver/leddrv/src/sl_simple_led.o
                0x000007c0                sl_simple_led_toggle
 .text.sl_simple_led_get_state
                0x00000800       0x50 ./gecko_sdk_4.3.1/platform/driver/leddrv/src/sl_simple_led.o
                0x00000800                sl_simple_led_get_state
 .text.GPIOINT_IRQDispatcher
                0x00000850       0x38 ./gecko_sdk_4.3.1/platform/emdrv/gpiointerrupt/src/gpiointerrupt.o
 .text.GPIOINT_Init
                0x00000888       0x30 ./gecko_sdk_4.3.1/platform/emdrv/gpiointerrupt/src/gpiointerrupt.o
                0x00000888                GPIOINT_Init
 .text.GPIOINT_CallbackRegister
                0x000008b8       0x24 ./gecko_sdk_4.3.1/platform/emdrv/gpiointerrupt/src/gpiointerrupt.o
                0x000008b8                GPIOINT_CallbackRegister
 .text.GPIOINT_CallbackRegisterExt
                0x000008dc       0x34 ./gecko_sdk_4.3.1/platform/emdrv/gpiointerrupt/src/gpiointerrupt.o
                0x000008dc                GPIOINT_CallbackRegisterExt
 .text.GPIO_EVEN_IRQHandler
                0x00000910       0x24 ./gecko_sdk_4.3.1/platform/emdrv/gpiointerrupt/src/gpiointerrupt.o
                0x00000910                GPIO_EVEN_IRQHandler
 .text.GPIO_ODD_IRQHandler
                0x00000934       0x24 ./gecko_sdk_4.3.1/platform/emdrv/gpiointerrupt/src/gpiointerrupt.o
                0x00000934                GPIO_ODD_IRQHandler
 .text.CMU_DivToLog2
                0x00000958       0x2c ./gecko_sdk_4.3.1/platform/emlib/src/em_cmu.o
 .text.auxClkGet
                0x00000984       0x90 ./gecko_sdk_4.3.1/platform/emlib/src/em_cmu.o
 .text.syncReg  0x00000a14       0x14 ./gecko_sdk_4.3.1/platform/emlib/src/em_cmu.o
 .text.maxFreqHfle
                0x00000a28       0x64 ./gecko_sdk_4.3.1/platform/emlib/src/em_cmu.o
 .text.setHfLeConfig
                0x00000a8c       0x40 ./gecko_sdk_4.3.1/platform/emlib/src/em_cmu.o
 .text.flashWaitStateControl.constprop.0
                0x00000acc       0x60 ./gecko_sdk_4.3.1/platform/emlib/src/em_cmu.o
 .text.flashWaitStateMax
                0x00000b2c       0x24 ./gecko_sdk_4.3.1/platform/emlib/src/em_cmu.o
 .text.CMU_UpdateWaitStates
                0x00000b50       0x20 ./gecko_sdk_4.3.1/platform/emlib/src/em_cmu.o
                0x00000b50                CMU_UpdateWaitStates
 .text.CMU_ClockDivGet
                0x00000b70       0xe4 ./gecko_sdk_4.3.1/platform/emlib/src/em_cmu.o
                0x00000b70                CMU_ClockDivGet
 .text.CMU_ClockDivSet
                0x00000c54      0x238 ./gecko_sdk_4.3.1/platform/emlib/src/em_cmu.o
                0x00000c54                CMU_ClockDivSet
 .text.CMU_ClockEnable
                0x00000e8c       0x90 ./gecko_sdk_4.3.1/platform/emlib/src/em_cmu.o
                0x00000e8c                CMU_ClockEnable
 .text.CMU_ClockSelectGet
                0x00000f1c       0xcc ./gecko_sdk_4.3.1/platform/emlib/src/em_cmu.o
                0x00000f1c                CMU_ClockSelectGet
 .text.lfClkGet
                0x00000fe8       0xd4 ./gecko_sdk_4.3.1/platform/emlib/src/em_cmu.o
 .text.CMU_ClockFreqGet
                0x000010bc      0x194 ./gecko_sdk_4.3.1/platform/emlib/src/em_cmu.o
                0x000010bc                CMU_ClockFreqGet
 .text.CMU_HFXOInit
                0x00001250       0x50 ./gecko_sdk_4.3.1/platform/emlib/src/em_cmu.o
                0x00001250                CMU_HFXOInit
 .text.CMU_LFXOInit
                0x000012a0       0x74 ./gecko_sdk_4.3.1/platform/emlib/src/em_cmu.o
                0x000012a0                CMU_LFXOInit
 .text.CMU_LFXOPrecisionSet
                0x00001314        0xc ./gecko_sdk_4.3.1/platform/emlib/src/em_cmu.o
                0x00001314                CMU_LFXOPrecisionSet
 .text.CMU_HFXOPrecisionSet
                0x00001320        0xc ./gecko_sdk_4.3.1/platform/emlib/src/em_cmu.o
                0x00001320                CMU_HFXOPrecisionSet
 .text.CMU_OscillatorEnable
                0x0000132c       0x58 ./gecko_sdk_4.3.1/platform/emlib/src/em_cmu.o
                0x0000132c                CMU_OscillatorEnable
 .text.sli_em_cmu_HFClockSelectLFOsc
                0x00001384       0x58 ./gecko_sdk_4.3.1/platform/emlib/src/em_cmu.o
                0x00001384                sli_em_cmu_HFClockSelectLFOsc
 .text.sli_em_cmu_HFClockSelectHFXO
                0x000013dc       0x5c ./gecko_sdk_4.3.1/platform/emlib/src/em_cmu.o
                0x000013dc                sli_em_cmu_HFClockSelectHFXO
 .text.CMU_ClockSelectSet
                0x00001438      0x1c0 ./gecko_sdk_4.3.1/platform/emlib/src/em_cmu.o
                0x00001438                CMU_ClockSelectSet
 .text.CORE_InIrqContext
                0x000015f8       0x14 ./gecko_sdk_4.3.1/platform/emlib/src/em_core.o
                0x000015f8                CORE_InIrqContext
 .text.CORE_NvicIRQDisabled
                0x0000160c       0x34 ./gecko_sdk_4.3.1/platform/emlib/src/em_core.o
                0x0000160c                CORE_NvicIRQDisabled
 .text.emState.part.0
                0x00001640       0x68 ./gecko_sdk_4.3.1/platform/emlib/src/em_emu.o
 .text.EMU_EM4Init
                0x000016a8       0x30 ./gecko_sdk_4.3.1/platform/emlib/src/em_emu.o
                0x000016a8                EMU_EM4Init
 .text.GPIO_PinOutSet
                0x000016d8       0x44 ./gecko_sdk_4.3.1/platform/emlib/src/em_gpio.o
 .text.GPIO_PinOutClear
                0x0000171c       0x44 ./gecko_sdk_4.3.1/platform/emlib/src/em_gpio.o
 .text.GPIO_DbgLocationSet
                0x00001760       0x2c ./gecko_sdk_4.3.1/platform/emlib/src/em_gpio.o
                0x00001760                GPIO_DbgLocationSet
 .text.GPIO_ExtIntConfig
                0x0000178c       0xb4 ./gecko_sdk_4.3.1/platform/emlib/src/em_gpio.o
                0x0000178c                GPIO_ExtIntConfig
 .text.GPIO_PinModeSet
                0x00001840       0x94 ./gecko_sdk_4.3.1/platform/emlib/src/em_gpio.o
                0x00001840                GPIO_PinModeSet
 .text.RTC_CompareSet
                0x000018d4       0x3c ./gecko_sdk_4.3.1/platform/emlib/src/em_rtc.o
                0x000018d4                RTC_CompareSet
 .text.RTC_Init
                0x00001910       0x1c ./gecko_sdk_4.3.1/platform/emlib/src/em_rtc.o
                0x00001910                RTC_Init
 .text.SYSTEM_ChipRevisionGet
                0x0000192c       0x50 ./gecko_sdk_4.3.1/platform/emlib/src/em_system.o
                0x0000192c                SYSTEM_ChipRevisionGet
 .text.SYSTEM_GetProdRev
                0x0000197c       0x10 ./gecko_sdk_4.3.1/platform/emlib/src/em_system.o
                0x0000197c                SYSTEM_GetProdRev
 .text.SYSTEM_GetFamily
                0x0000198c       0x10 ./gecko_sdk_4.3.1/platform/emlib/src/em_system.o
                0x0000198c                SYSTEM_GetFamily
 .text.TIMER_Valid
                0x0000199c       0x2c ./gecko_sdk_4.3.1/platform/emlib/src/em_timer.o
 .text.TIMER_Init
                0x000019c8       0xc0 ./gecko_sdk_4.3.1/platform/emlib/src/em_timer.o
                0x000019c8                TIMER_Init
 .text.TIMER_InitCC
                0x00001a88       0x88 ./gecko_sdk_4.3.1/platform/emlib/src/em_timer.o
                0x00001a88                TIMER_InitCC
 .text.sl_device_init_emu
                0x00001b10       0x20 ./gecko_sdk_4.3.1/platform/service/device_init/src/sl_device_init_emu_s0.o
                0x00001b10                sl_device_init_emu
 .text.sl_device_init_hfxo
                0x00001b30       0x2c ./gecko_sdk_4.3.1/platform/service/device_init/src/sl_device_init_hfxo_s0.o
                0x00001b30                sl_device_init_hfxo
 .text.sl_device_init_nvic
                0x00001b5c       0x3c ./gecko_sdk_4.3.1/platform/service/device_init/src/sl_device_init_nvic.o
                0x00001b5c                sl_device_init_nvic
 .text.sl_iostream_set_default
                0x00001b98       0x18 ./gecko_sdk_4.3.1/platform/service/iostream/src/sl_iostream.o
                0x00001b98                sl_iostream_set_default
 .text.sl_iostream_get_default
                0x00001bb0       0x18 ./gecko_sdk_4.3.1/platform/service/iostream/src/sl_iostream.o
                0x00001bb0                sl_iostream_get_default
 .text._write   0x00001bc8       0x1c ./gecko_sdk_4.3.1/platform/service/iostream/src/sl_iostream_retarget_stdio.o
                0x00001bc8                _write
 .text.sl_iostream_stdlib_disable_buffering
                0x00001be4       0x14 ./gecko_sdk_4.3.1/platform/service/iostream/src/sl_iostream_stdlib_config.o
                0x00001be4                sl_iostream_stdlib_disable_buffering
 .text.sli_iosteam_swo_em_transition
                0x00001bf8       0x20 ./gecko_sdk_4.3.1/platform/service/iostream/src/sl_iostream_swo.o
 .text.sl_iostream_swo_init
                0x00001c18       0x2c ./gecko_sdk_4.3.1/platform/service/iostream/src/sl_iostream_swo.o
                0x00001c18                sl_iostream_swo_init
 .text.get_lowest_em
                0x00001c44       0x1c ./gecko_sdk_4.3.1/platform/service/power_manager/src/sl_power_manager.o
 .text.power_manager_notify_em_transition
                0x00001c60       0x74 ./gecko_sdk_4.3.1/platform/service/power_manager/src/sl_power_manager.o
 .text.clock_restore
                0x00001cd4       0x58 ./gecko_sdk_4.3.1/platform/service/power_manager/src/sl_power_manager.o
 .text.sl_power_manager_init
                0x00001d2c       0x64 ./gecko_sdk_4.3.1/platform/service/power_manager/src/sl_power_manager.o
                0x00001d2c                sl_power_manager_init
 .text.sli_power_manager_update_em_requirement
                0x00001d90       0xf8 ./gecko_sdk_4.3.1/platform/service/power_manager/src/sl_power_manager.o
                0x00001d90                sli_power_manager_update_em_requirement
 .text.sli_power_manager_get_restore_delay
                0x00001e88       0x34 ./gecko_sdk_4.3.1/platform/service/power_manager/src/sl_power_manager.o
                0x00001e88                sli_power_manager_get_restore_delay
 .text.sl_power_manager_subscribe_em_transition_event
                0x00001ebc       0x24 ./gecko_sdk_4.3.1/platform/service/power_manager/src/sl_power_manager.o
                0x00001ebc                sl_power_manager_subscribe_em_transition_event
 .text.sli_power_manager_convert_delay_us_to_tick
                0x00001ee0       0x20 ./gecko_sdk_4.3.1/platform/service/power_manager/src/sl_power_manager.o
                0x00001ee0                sli_power_manager_convert_delay_us_to_tick
 .text.sli_power_manager_init_hardware
                0x00001f00       0x50 ./gecko_sdk_4.3.1/platform/service/power_manager/src/sl_power_manager_hal_s0_s1.o
                0x00001f00                sli_power_manager_init_hardware
 .text.sli_power_manager_restore_states
                0x00001f50       0x50 ./gecko_sdk_4.3.1/platform/service/power_manager/src/sl_power_manager_hal_s0_s1.o
                0x00001f50                sli_power_manager_restore_states
 .text.sli_power_manager_get_wakeup_process_time_overhead
                0x00001fa0       0x1c ./gecko_sdk_4.3.1/platform/service/power_manager/src/sl_power_manager_hal_s0_s1.o
                0x00001fa0                sli_power_manager_get_wakeup_process_time_overhead
 .text.sli_power_manager_low_frequency_restore
                0x00001fbc       0x2c ./gecko_sdk_4.3.1/platform/service/power_manager/src/sl_power_manager_hal_s0_s1.o
                0x00001fbc                sli_power_manager_low_frequency_restore
 .text.update_delta_list
                0x00001fe8       0x38 ./gecko_sdk_4.3.1/platform/service/sleeptimer/src/sl_sleeptimer.o
 .text.delta_list_insert_timer
                0x00002020       0x5c ./gecko_sdk_4.3.1/platform/service/sleeptimer/src/sl_sleeptimer.o
 .text.set_comparator_for_next_timer
                0x0000207c       0x5c ./gecko_sdk_4.3.1/platform/service/sleeptimer/src/sl_sleeptimer.o
 .text.delta_list_remove_timer
                0x000020d8       0x3c ./gecko_sdk_4.3.1/platform/service/sleeptimer/src/sl_sleeptimer.o
 .text.sl_sleeptimer_init
                0x00002114       0x74 ./gecko_sdk_4.3.1/platform/service/sleeptimer/src/sl_sleeptimer.o
                0x00002114                sl_sleeptimer_init
 .text.sl_sleeptimer_get_timer_frequency
                0x00002188        0xc ./gecko_sdk_4.3.1/platform/service/sleeptimer/src/sl_sleeptimer.o
                0x00002188                sl_sleeptimer_get_timer_frequency
 .text.process_timer_irq
                0x00002194      0x158 ./gecko_sdk_4.3.1/platform/service/sleeptimer/src/sl_sleeptimer.o
                0x00002194                process_timer_irq
 .text.sleeptimer_hal_init_timer
                0x000022ec       0x64 ./gecko_sdk_4.3.1/platform/service/sleeptimer/src/sl_sleeptimer_hal_rtc.o
                0x000022ec                sleeptimer_hal_init_timer
 .text.sleeptimer_hal_get_counter
                0x00002350       0x20 ./gecko_sdk_4.3.1/platform/service/sleeptimer/src/sl_sleeptimer_hal_rtc.o
                0x00002350                sleeptimer_hal_get_counter
 .text.sleeptimer_hal_enable_int
                0x00002370       0x30 ./gecko_sdk_4.3.1/platform/service/sleeptimer/src/sl_sleeptimer_hal_rtc.o
                0x00002370                sleeptimer_hal_enable_int
 .text.sleeptimer_hal_disable_int
                0x000023a0       0x2c ./gecko_sdk_4.3.1/platform/service/sleeptimer/src/sl_sleeptimer_hal_rtc.o
                0x000023a0                sleeptimer_hal_disable_int
 .text.sleeptimer_hal_set_compare
                0x000023cc       0x6c ./gecko_sdk_4.3.1/platform/service/sleeptimer/src/sl_sleeptimer_hal_rtc.o
                0x000023cc                sleeptimer_hal_set_compare
 .text.sleeptimer_hal_set_int
                0x00002438       0x10 ./gecko_sdk_4.3.1/platform/service/sleeptimer/src/sl_sleeptimer_hal_rtc.o
                0x00002438                sleeptimer_hal_set_int
 .text.sleeptimer_hal_get_timer_frequency
                0x00002448        0xc ./gecko_sdk_4.3.1/platform/service/sleeptimer/src/sl_sleeptimer_hal_rtc.o
                0x00002448                sleeptimer_hal_get_timer_frequency
 .text.RTC_IRQHandler
                0x00002454       0x70 ./gecko_sdk_4.3.1/platform/service/sleeptimer/src/sl_sleeptimer_hal_rtc.o
                0x00002454                RTC_IRQHandler
 .text.sli_sleeptimer_set_pm_em_requirement
                0x000024c4       0x30 ./gecko_sdk_4.3.1/platform/service/sleeptimer/src/sl_sleeptimer_hal_rtc.o
                0x000024c4                sli_sleeptimer_set_pm_em_requirement
 .text.Timeout  0x000024f4       0x9c ./imports/em_usbh.o
 .text.USBH_AssignHostChannel
                0x00002590       0x48 ./imports/em_usbh.o
                0x00002590                USBH_AssignHostChannel
 .text.USBH_CtlReceiveData
                0x000025d8       0x2c ./imports/em_usbh.o
                0x000025d8                USBH_CtlReceiveData
 .text.USBH_CtlSendData
                0x00002604       0x2c ./imports/em_usbh.o
                0x00002604                USBH_CtlSendData
 .text.USBH_CtlSendSetup
                0x00002630       0x44 ./imports/em_usbh.o
                0x00002630                USBH_CtlSendSetup
 .text.USBH_ControlMsg
                0x00002674       0xd4 ./imports/em_usbh.o
                0x00002674                USBH_ControlMsg
 .text.USBH_ControlMsgB
                0x00002748       0x6c ./imports/em_usbh.o
                0x00002748                USBH_ControlMsgB
 .text.USBH_DeviceConnected
                0x000027b4       0x10 ./imports/em_usbh.o
                0x000027b4                USBH_DeviceConnected
 .text.USBH_GetConfigurationDescriptorB
                0x000027c4       0x44 ./imports/em_usbh.o
                0x000027c4                USBH_GetConfigurationDescriptorB
 .text.USBH_GetDeviceDescriptorB
                0x00002808       0x44 ./imports/em_usbh.o
                0x00002808                USBH_GetDeviceDescriptorB
 .text.USBH_GetPortSpeed
                0x0000284c       0x10 ./imports/em_usbh.o
                0x0000284c                USBH_GetPortSpeed
 .text.USBH_Init
                0x0000285c       0x84 ./imports/em_usbh.o
                0x0000285c                USBH_Init
 .text.USBH_PortVbusOn
                0x000028e0       0x64 ./imports/em_usbh.o
                0x000028e0                USBH_PortVbusOn
 .text.USBH_PrintConfigurationDescriptor
                0x00002944       0xc0 ./imports/em_usbh.o
                0x00002944                USBH_PrintConfigurationDescriptor
 .text.USBH_PrintDeviceDescriptor
                0x00002a04       0xd0 ./imports/em_usbh.o
                0x00002a04                USBH_PrintDeviceDescriptor
 .text.USBH_PrintEndpointDescriptor
                0x00002ad4       0x70 ./imports/em_usbh.o
                0x00002ad4                USBH_PrintEndpointDescriptor
 .text.USBH_PrintInterfaceDescriptor
                0x00002b44       0x94 ./imports/em_usbh.o
                0x00002b44                USBH_PrintInterfaceDescriptor
 .text.USBH_QGetDeviceDescriptor
                0x00002bd8       0x30 ./imports/em_usbh.o
                0x00002bd8                USBH_QGetDeviceDescriptor
 .text.USBH_InitDeviceData
                0x00002c08      0x11c ./imports/em_usbh.o
                0x00002c08                USBH_InitDeviceData
 .text.USBH_Read
                0x00002d24       0xf4 ./imports/em_usbh.o
                0x00002d24                USBH_Read
 .text.USBH_ReadB
                0x00002e18       0x54 ./imports/em_usbh.o
                0x00002e18                USBH_ReadB
 .text.USBH_SetAddressB
                0x00002e6c       0x4c ./imports/em_usbh.o
                0x00002e6c                USBH_SetAddressB
 .text.USBH_SetConfigurationB
                0x00002eb8       0x50 ./imports/em_usbh.o
                0x00002eb8                USBH_SetConfigurationB
 .text.USBH_Stop
                0x00002f08       0x48 ./imports/em_usbh.o
                0x00002f08                USBH_Stop
 .text.USBH_WaitForDeviceConnectionB
                0x00002f50      0x1a4 ./imports/em_usbh.o
                0x00002f50                USBH_WaitForDeviceConnectionB
 .text.USBHAL_CoreReset
                0x000030f4       0x3c ./imports/em_usbhal.o
                0x000030f4                USBHAL_CoreReset
 .text.USBHHAL_CoreInit
                0x00003130      0x12c ./imports/em_usbhal.o
                0x00003130                USBHHAL_CoreInit
 .text.USBHHAL_HCHalt
                0x0000325c       0x18 ./imports/em_usbhal.o
                0x0000325c                USBHHAL_HCHalt
 .text.USBHHAL_HCInit
                0x00003274       0xa4 ./imports/em_usbhal.o
                0x00003274                USBHHAL_HCInit
 .text.USBHHAL_HCStart
                0x00003318       0xac ./imports/em_usbhal.o
                0x00003318                USBHHAL_HCStart
 .text.USBHEP_TransferDone
                0x000033c4       0xa0 ./imports/em_usbhep.o
                0x000033c4                USBHEP_TransferDone
 .text.PortDebounceComplete
                0x00003464       0x94 ./imports/em_usbhint.o
 .text.PortResetComplete
                0x000034f8       0x28 ./imports/em_usbhint.o
 .text.USB_IRQHandler
                0x00003520      0x278 ./imports/em_usbhint.o
                0x00003520                USB_IRQHandler
 .text.DelayTicks.part.0
                0x00003798       0x24 ./imports/em_usbtimer.o
 .text.TIMER0_IRQHandler
                0x000037bc       0x64 ./imports/em_usbtimer.o
                0x000037bc                TIMER0_IRQHandler
 .text.USBTIMER_DelayMs
                0x00003820       0x40 ./imports/em_usbtimer.o
                0x00003820                USBTIMER_DelayMs
 .text.USBTIMER_DelayUs
                0x00003860       0x70 ./imports/em_usbtimer.o
                0x00003860                USBTIMER_DelayUs
 .text.USBTIMER_Init
                0x000038d0       0xf0 ./imports/em_usbtimer.o
                0x000038d0                USBTIMER_Init
 .text.USBTIMER_Stop
                0x000039c0       0x48 ./imports/em_usbtimer.o
                0x000039c0                USBTIMER_Stop
 .text.USBTIMER_Start
                0x00003a08       0x98 ./imports/em_usbtimer.o
                0x00003a08                USBTIMER_Start
 .text.PollTimeout
                0x00003aa0        0xc ./src/usb_hid.o
                0x00003aa0                PollTimeout
 .text.HidCheckKeyPress
                0x00003aac       0x2c ./src/usb_hid.o
                0x00003aac                HidCheckKeyPress
 .text.CheckDevice
                0x00003ad8       0xc4 ./src/usb_hid.o
                0x00003ad8                CheckDevice
 .text.InitHidDevice
                0x00003b9c       0xb4 ./src/usb_hid.o
                0x00003b9c                InitHidDevice
 .text.usb_hid  0x00003c50       0xd8 ./src/usb_hid.o
                0x00003c50                usb_hid
 .text          0x00003d28       0x30 c:/siliconlabs/simplicitystudio/v5/developer/toolchains/gnu_arm/10.3_2021.10/bin/../lib/gcc/arm-none-eabi/10.3.1/thumb/v7-m/nofp\libgcc.a(_aeabi_uldivmod.o)
                0x00003d28                __aeabi_uldivmod
 .text          0x00003d58      0x2d4 c:/siliconlabs/simplicitystudio/v5/developer/toolchains/gnu_arm/10.3_2021.10/bin/../lib/gcc/arm-none-eabi/10.3.1/thumb/v7-m/nofp\libgcc.a(_udivmoddi4.o)
                0x00003d58                __udivmoddi4
 .text          0x0000402c        0x4 c:/siliconlabs/simplicitystudio/v5/developer/toolchains/gnu_arm/10.3_2021.10/bin/../lib/gcc/arm-none-eabi/10.3.1/thumb/v7-m/nofp\libgcc.a(_dvmd_tls.o)
                0x0000402c                __aeabi_idiv0
                0x0000402c                __aeabi_ldiv0
 .text.exit     0x00004030       0x28 c:/siliconlabs/simplicitystudio/v5/developer/toolchains/gnu_arm/10.3_2021.10/bin/../lib/gcc/arm-none-eabi/10.3.1/../../../../arm-none-eabi/lib/thumb/v7-m/nofp\libc_nano.a(lib_a-exit.o)
                0x00004030                exit
 .text.__libc_init_array
                0x00004058       0x48 c:/siliconlabs/simplicitystudio/v5/developer/toolchains/gnu_arm/10.3_2021.10/bin/../lib/gcc/arm-none-eabi/10.3.1/../../../../arm-none-eabi/lib/thumb/v7-m/nofp\libc_nano.a(lib_a-init.o)
                0x00004058                __libc_init_array
 .text.printf   0x000040a0       0x30 c:/siliconlabs/simplicitystudio/v5/developer/toolchains/gnu_arm/10.3_2021.10/bin/../lib/gcc/arm-none-eabi/10.3.1/../../../../arm-none-eabi/lib/thumb/v7-m/nofp\libc_nano.a(lib_a-printf.o)
                0x000040a0                iprintf
                0x000040a0                printf
 .text.putchar  0x000040d0       0x28 c:/siliconlabs/simplicitystudio/v5/developer/toolchains/gnu_arm/10.3_2021.10/bin/../lib/gcc/arm-none-eabi/10.3.1/../../../../arm-none-eabi/lib/thumb/v7-m/nofp\libc_nano.a(lib_a-putchar.o)
                0x000040d0                putchar
 .text._puts_r  0x000040f8       0xdc c:/siliconlabs/simplicitystudio/v5/developer/toolchains/gnu_arm/10.3_2021.10/bin/../lib/gcc/arm-none-eabi/10.3.1/../../../../arm-none-eabi/lib/thumb/v7-m/nofp\libc_nano.a(lib_a-puts.o)
                0x000040f8                _puts_r
 .text.puts     0x000041d4       0x10 c:/siliconlabs/simplicitystudio/v5/developer/toolchains/gnu_arm/10.3_2021.10/bin/../lib/gcc/arm-none-eabi/10.3.1/../../../../arm-none-eabi/lib/thumb/v7-m/nofp\libc_nano.a(lib_a-puts.o)
                0x000041d4                puts
 .text.setvbuf  0x000041e4      0x18c c:/siliconlabs/simplicitystudio/v5/developer/toolchains/gnu_arm/10.3_2021.10/bin/../lib/gcc/arm-none-eabi/10.3.1/../../../../arm-none-eabi/lib/thumb/v7-m/nofp\libc_nano.a(lib_a-setvbuf.o)
                0x000041e4                setvbuf
 .text.__swbuf_r
                0x00004370       0xa4 c:/siliconlabs/simplicitystudio/v5/developer/toolchains/gnu_arm/10.3_2021.10/bin/../lib/gcc/arm-none-eabi/10.3.1/../../../../arm-none-eabi/lib/thumb/v7-m/nofp\libc_nano.a(lib_a-wbuf.o)
                0x00004370                __swbuf_r
 .text.__swsetup_r
                0x00004414       0xdc c:/siliconlabs/simplicitystudio/v5/developer/toolchains/gnu_arm/10.3_2021.10/bin/../lib/gcc/arm-none-eabi/10.3.1/../../../../arm-none-eabi/lib/thumb/v7-m/nofp\libc_nano.a(lib_a-wsetup.o)
                0x00004414                __swsetup_r
 .text.__sflush_r
                0x000044f0      0x104 c:/siliconlabs/simplicitystudio/v5/developer/toolchains/gnu_arm/10.3_2021.10/bin/../lib/gcc/arm-none-eabi/10.3.1/../../../../arm-none-eabi/lib/thumb/v7-m/nofp\libc_nano.a(lib_a-fflush.o)
                0x000044f0                __sflush_r
 .text._fflush_r
                0x000045f4       0x78 c:/siliconlabs/simplicitystudio/v5/developer/toolchains/gnu_arm/10.3_2021.10/bin/../lib/gcc/arm-none-eabi/10.3.1/../../../../arm-none-eabi/lib/thumb/v7-m/nofp\libc_nano.a(lib_a-fflush.o)
                0x000045f4                _fflush_r
 .text.std      0x0000466c       0x48 c:/siliconlabs/simplicitystudio/v5/developer/toolchains/gnu_arm/10.3_2021.10/bin/../lib/gcc/arm-none-eabi/10.3.1/../../../../arm-none-eabi/lib/thumb/v7-m/nofp\libc_nano.a(lib_a-findfp.o)
 .text._cleanup_r
                0x000046b4        0xc c:/siliconlabs/simplicitystudio/v5/developer/toolchains/gnu_arm/10.3_2021.10/bin/../lib/gcc/arm-none-eabi/10.3.1/../../../../arm-none-eabi/lib/thumb/v7-m/nofp\libc_nano.a(lib_a-findfp.o)
                0x000046b4                _cleanup_r
 .text.__sfp_lock_acquire
                0x000046c0        0xc c:/siliconlabs/simplicitystudio/v5/developer/toolchains/gnu_arm/10.3_2021.10/bin/../lib/gcc/arm-none-eabi/10.3.1/../../../../arm-none-eabi/lib/thumb/v7-m/nofp\libc_nano.a(lib_a-findfp.o)
                0x000046c0                __sfp_lock_acquire
 .text.__sfp_lock_release
                0x000046cc        0xc c:/siliconlabs/simplicitystudio/v5/developer/toolchains/gnu_arm/10.3_2021.10/bin/../lib/gcc/arm-none-eabi/10.3.1/../../../../arm-none-eabi/lib/thumb/v7-m/nofp\libc_nano.a(lib_a-findfp.o)
                0x000046cc                __sfp_lock_release
 .text.__sinit_lock_acquire
                0x000046d8        0xc c:/siliconlabs/simplicitystudio/v5/developer/toolchains/gnu_arm/10.3_2021.10/bin/../lib/gcc/arm-none-eabi/10.3.1/../../../../arm-none-eabi/lib/thumb/v7-m/nofp\libc_nano.a(lib_a-findfp.o)
                0x000046d8                __sinit_lock_acquire
 .text.__sinit_lock_release
                0x000046e4        0xc c:/siliconlabs/simplicitystudio/v5/developer/toolchains/gnu_arm/10.3_2021.10/bin/../lib/gcc/arm-none-eabi/10.3.1/../../../../arm-none-eabi/lib/thumb/v7-m/nofp\libc_nano.a(lib_a-findfp.o)
                0x000046e4                __sinit_lock_release
 .text.__sinit  0x000046f0       0x70 c:/siliconlabs/simplicitystudio/v5/developer/toolchains/gnu_arm/10.3_2021.10/bin/../lib/gcc/arm-none-eabi/10.3.1/../../../../arm-none-eabi/lib/thumb/v7-m/nofp\libc_nano.a(lib_a-findfp.o)
                0x000046f0                __sinit
 .text.__sfp    0x00004760       0x8c c:/siliconlabs/simplicitystudio/v5/developer/toolchains/gnu_arm/10.3_2021.10/bin/../lib/gcc/arm-none-eabi/10.3.1/../../../../arm-none-eabi/lib/thumb/v7-m/nofp\libc_nano.a(lib_a-findfp.o)
                0x00004760                __sfp
 .text.__smakebuf_r
                0x000047ec       0x80 c:/siliconlabs/simplicitystudio/v5/developer/toolchains/gnu_arm/10.3_2021.10/bin/../lib/gcc/arm-none-eabi/10.3.1/../../../../arm-none-eabi/lib/thumb/v7-m/nofp\libc_nano.a(lib_a-makebuf.o)
                0x000047ec                __smakebuf_r
 .text.malloc   0x0000486c       0x10 c:/siliconlabs/simplicitystudio/v5/developer/toolchains/gnu_arm/10.3_2021.10/bin/../lib/gcc/arm-none-eabi/10.3.1/../../../../arm-none-eabi/lib/thumb/v7-m/nofp\libc_nano.a(lib_a-malloc.o)
                0x0000486c                malloc
 .text._free_r  0x0000487c       0x90 c:/siliconlabs/simplicitystudio/v5/developer/toolchains/gnu_arm/10.3_2021.10/bin/../lib/gcc/arm-none-eabi/10.3.1/../../../../arm-none-eabi/lib/thumb/v7-m/nofp\libc_nano.a(lib_a-nano-freer.o)
                0x0000487c                _free_r
 .text.sbrk_aligned
                0x0000490c       0x40 c:/siliconlabs/simplicitystudio/v5/developer/toolchains/gnu_arm/10.3_2021.10/bin/../lib/gcc/arm-none-eabi/10.3.1/../../../../arm-none-eabi/lib/thumb/v7-m/nofp\libc_nano.a(lib_a-nano-mallocr.o)
 .text._malloc_r
                0x0000494c       0xe8 c:/siliconlabs/simplicitystudio/v5/developer/toolchains/gnu_arm/10.3_2021.10/bin/../lib/gcc/arm-none-eabi/10.3.1/../../../../arm-none-eabi/lib/thumb/v7-m/nofp\libc_nano.a(lib_a-nano-mallocr.o)
                0x0000494c                _malloc_r
 .text._vfprintf_r
                0x00004a34      0x260 c:/siliconlabs/simplicitystudio/v5/developer/toolchains/gnu_arm/10.3_2021.10/bin/../lib/gcc/arm-none-eabi/10.3.1/../../../../arm-none-eabi/lib/thumb/v7-m/nofp\libc_nano.a(lib_a-nano-vfprintf.o)
                0x00004a34                _vfprintf_r
                0x00004a34                _vfiprintf_r
 .text._printf_i
                0x00004c94      0x24c c:/siliconlabs/simplicitystudio/v5/developer/toolchains/gnu_arm/10.3_2021.10/bin/../lib/gcc/arm-none-eabi/10.3.1/../../../../arm-none-eabi/lib/thumb/v7-m/nofp\libc_nano.a(lib_a-nano-vfprintf_i.o)
                0x00004c94                _printf_i
 .text._putc_r  0x00004ee0       0x90 c:/siliconlabs/simplicitystudio/v5/developer/toolchains/gnu_arm/10.3_2021.10/bin/../lib/gcc/arm-none-eabi/10.3.1/../../../../arm-none-eabi/lib/thumb/v7-m/nofp\libc_nano.a(lib_a-putc.o)
                0x00004ee0                _putc_r
 .text._sbrk_r  0x00004f70       0x20 c:/siliconlabs/simplicitystudio/v5/developer/toolchains/gnu_arm/10.3_2021.10/bin/../lib/gcc/arm-none-eabi/10.3.1/../../../../arm-none-eabi/lib/thumb/v7-m/nofp\libc_nano.a(lib_a-sbrkr.o)
                0x00004f70                _sbrk_r
 .text._write_r
                0x00004f90       0x24 c:/siliconlabs/simplicitystudio/v5/developer/toolchains/gnu_arm/10.3_2021.10/bin/../lib/gcc/arm-none-eabi/10.3.1/../../../../arm-none-eabi/lib/thumb/v7-m/nofp\libc_nano.a(lib_a-writer.o)
                0x00004f90                _write_r
 .text._close_r
                0x00004fb4       0x20 c:/siliconlabs/simplicitystudio/v5/developer/toolchains/gnu_arm/10.3_2021.10/bin/../lib/gcc/arm-none-eabi/10.3.1/../../../../arm-none-eabi/lib/thumb/v7-m/nofp\libc_nano.a(lib_a-closer.o)
                0x00004fb4                _close_r
 .text._fstat_r
                0x00004fd4       0x24 c:/siliconlabs/simplicitystudio/v5/developer/toolchains/gnu_arm/10.3_2021.10/bin/../lib/gcc/arm-none-eabi/10.3.1/../../../../arm-none-eabi/lib/thumb/v7-m/nofp\libc_nano.a(lib_a-fstatr.o)
                0x00004fd4                _fstat_r
 .text._isatty_r
                0x00004ff8       0x20 c:/siliconlabs/simplicitystudio/v5/developer/toolchains/gnu_arm/10.3_2021.10/bin/../lib/gcc/arm-none-eabi/10.3.1/../../../../arm-none-eabi/lib/thumb/v7-m/nofp\libc_nano.a(lib_a-isattyr.o)
                0x00004ff8                _isatty_r
 .text._lseek_r
                0x00005018       0x24 c:/siliconlabs/simplicitystudio/v5/developer/toolchains/gnu_arm/10.3_2021.10/bin/../lib/gcc/arm-none-eabi/10.3.1/../../../../arm-none-eabi/lib/thumb/v7-m/nofp\libc_nano.a(lib_a-lseekr.o)
                0x00005018                _lseek_r
 .text.__malloc_lock
                0x0000503c        0xc c:/siliconlabs/simplicitystudio/v5/developer/toolchains/gnu_arm/10.3_2021.10/bin/../lib/gcc/arm-none-eabi/10.3.1/../../../../arm-none-eabi/lib/thumb/v7-m/nofp\libc_nano.a(lib_a-mlock.o)
                0x0000503c                __malloc_lock
 .text.__malloc_unlock
                0x00005048        0xc c:/siliconlabs/simplicitystudio/v5/developer/toolchains/gnu_arm/10.3_2021.10/bin/../lib/gcc/arm-none-eabi/10.3.1/../../../../arm-none-eabi/lib/thumb/v7-m/nofp\libc_nano.a(lib_a-mlock.o)
                0x00005048                __malloc_unlock
 .text._read_r  0x00005054       0x24 c:/siliconlabs/simplicitystudio/v5/developer/toolchains/gnu_arm/10.3_2021.10/bin/../lib/gcc/arm-none-eabi/10.3.1/../../../../arm-none-eabi/lib/thumb/v7-m/nofp\libc_nano.a(lib_a-readr.o)
                0x00005054                _read_r
 .text.app_init
                0x00005078        0x4 ./app.o
                0x00005078                app_init
 .text.sl_board_default_init
                0x0000507c        0x2 ./autogen/sl_board_default_init.o
                0x0000507c                sl_board_default_init
 .text.sl_driver_init
                0x0000507e       0x16 ./autogen/sl_event_handler.o
                0x0000507e                sl_driver_init
 .text.sl_service_init
                0x00005094       0x16 ./autogen/sl_event_handler.o
                0x00005094                sl_service_init
 .text.sl_stack_init
                0x000050aa        0x2 ./autogen/sl_event_handler.o
                0x000050aa                sl_stack_init
 .text.sl_internal_app_init
                0x000050ac        0x2 ./autogen/sl_event_handler.o
                0x000050ac                sl_internal_app_init
 .text.sl_board_configure_vcom
                0x000050ae        0x4 ./gecko_sdk_4.3.1/hardware/board/src/sl_board_control_gpio.o
                0x000050ae                sl_board_configure_vcom
 .text.Default_Handler
                0x000050b2        0x2 ./gecko_sdk_4.3.1/platform/Device/SiliconLabs/EFM32GG/Source/startup_efm32gg.o
                0x000050b2                TIMER2_IRQHandler
                0x000050b2                DebugMon_Handler
                0x000050b2                USART0_TX_IRQHandler
                0x000050b2                I2C0_IRQHandler
                0x000050b2                HardFault_Handler
                0x000050b2                LEUART1_IRQHandler
                0x000050b2                SysTick_Handler
                0x000050b2                USART1_RX_IRQHandler
                0x000050b2                PendSV_Handler
                0x000050b2                NMI_Handler
                0x000050b2                I2C1_IRQHandler
                0x000050b2                TIMER3_IRQHandler
                0x000050b2                USART1_TX_IRQHandler
                0x000050b2                MSC_IRQHandler
                0x000050b2                ADC0_IRQHandler
                0x000050b2                UsageFault_Handler
                0x000050b2                LEUART0_IRQHandler
                0x000050b2                UART0_TX_IRQHandler
                0x000050b2                UART1_TX_IRQHandler
                0x000050b2                LCD_IRQHandler
                0x000050b2                PCNT2_IRQHandler
                0x000050b2                UART0_RX_IRQHandler
                0x000050b2                LETIMER0_IRQHandler
                0x000050b2                TIMER1_IRQHandler
                0x000050b2                USART2_RX_IRQHandler
                0x000050b2                Default_Handler
                0x000050b2                EMU_IRQHandler
                0x000050b2                PCNT0_IRQHandler
                0x000050b2                sl_app_properties
                0x000050b2                BURTC_IRQHandler
                0x000050b2                PCNT1_IRQHandler
                0x000050b2                ACMP0_IRQHandler
                0x000050b2                USART0_RX_IRQHandler
                0x000050b2                MemManage_Handler
                0x000050b2                SVC_Handler
                0x000050b2                DAC0_IRQHandler
                0x000050b2                UART1_RX_IRQHandler
                0x000050b2                CMU_IRQHandler
                0x000050b2                EBI_IRQHandler
                0x000050b2                LESENSE_IRQHandler
                0x000050b2                AES_IRQHandler
                0x000050b2                VCMP_IRQHandler
                0x000050b2                DMA_IRQHandler
                0x000050b2                BusFault_Handler
                0x000050b2                USART2_TX_IRQHandler
 .text.SystemLFRCOClockGet
                0x000050b4        0x6 ./gecko_sdk_4.3.1/platform/Device/SiliconLabs/EFM32GG/Source/system_efm32gg.o
                0x000050b4                SystemLFRCOClockGet
 .text.SystemULFRCOClockGet
                0x000050ba        0x6 ./gecko_sdk_4.3.1/platform/Device/SiliconLabs/EFM32GG/Source/system_efm32gg.o
                0x000050ba                SystemULFRCOClockGet
 .text.assertEFM
                0x000050c0        0x2 ./gecko_sdk_4.3.1/platform/common/src/sl_assert.o
                0x000050c0                assertEFM
 .text.sl_slist_init
                0x000050c2        0x6 ./gecko_sdk_4.3.1/platform/common/src/sl_slist.o
                0x000050c2                sl_slist_init
 .text.sl_button_init
                0x000050c8        0xa ./gecko_sdk_4.3.1/platform/driver/button/src/sl_button.o
                0x000050c8                sl_button_init
 .text.sl_button_on_change
                0x000050d2        0x2 ./gecko_sdk_4.3.1/platform/driver/button/src/sl_button.o
                0x000050d2                sl_button_on_change
 .text.sli_simple_button_on_change
                0x000050d4       0x28 ./gecko_sdk_4.3.1/platform/driver/button/src/sl_simple_button.o
 .text.sl_simple_button_get_state
                0x000050fc        0x6 ./gecko_sdk_4.3.1/platform/driver/button/src/sl_simple_button.o
                0x000050fc                sl_simple_button_get_state
 .text.sl_simple_button_poll_step
                0x00005102       0x52 ./gecko_sdk_4.3.1/platform/driver/button/src/sl_simple_button.o
                0x00005102                sl_simple_button_poll_step
 .text.sl_simple_button_enable
                0x00005154       0x12 ./gecko_sdk_4.3.1/platform/driver/button/src/sl_simple_button.o
                0x00005154                sl_simple_button_enable
 .text.sl_simple_button_disable
                0x00005166       0x30 ./gecko_sdk_4.3.1/platform/driver/button/src/sl_simple_button.o
                0x00005166                sl_simple_button_disable
 .text.sl_debug_swo_enable_itm
                0x00005196       0x16 ./gecko_sdk_4.3.1/platform/driver/debug/src/sl_debug_swo.o
                0x00005196                sl_debug_swo_enable_itm
 .text.sl_led_init
                0x000051ac        0x4 ./gecko_sdk_4.3.1/platform/driver/leddrv/src/sl_led.o
                0x000051ac                sl_led_init
 .text.sl_simple_led_turn_on
                0x000051b0       0x12 ./gecko_sdk_4.3.1/platform/driver/leddrv/src/sl_simple_led.o
                0x000051b0                sl_simple_led_turn_on
 .text.sl_simple_led_turn_off
                0x000051c2       0x12 ./gecko_sdk_4.3.1/platform/driver/leddrv/src/sl_simple_led.o
                0x000051c2                sl_simple_led_turn_off
 .text.SL_Log2ToDiv
                0x000051d4        0x8 ./gecko_sdk_4.3.1/platform/emlib/src/em_cmu.o
 .text.CORE_EnterCritical
                0x000051dc        0x8 ./gecko_sdk_4.3.1/platform/emlib/src/em_core.o
                0x000051dc                CORE_EnterCritical
 .text.CORE_ExitCritical
                0x000051e4        0x6 ./gecko_sdk_4.3.1/platform/emlib/src/em_core.o
                0x000051e4                CORE_ExitCritical
 .text.CORE_AtomicDisableIrq
                0x000051ea        0x8 ./gecko_sdk_4.3.1/platform/emlib/src/em_core.o
                0x000051ea                CORE_AtomicDisableIrq
 .text.CORE_AtomicEnableIrq
                0x000051f2        0x8 ./gecko_sdk_4.3.1/platform/emlib/src/em_core.o
                0x000051f2                CORE_AtomicEnableIrq
 .text.CORE_EnterAtomic
                0x000051fa        0xc ./gecko_sdk_4.3.1/platform/emlib/src/em_core.o
                0x000051fa                CORE_EnterAtomic
 .text.CORE_ExitAtomic
                0x00005206        0x6 ./gecko_sdk_4.3.1/platform/emlib/src/em_core.o
                0x00005206                CORE_ExitAtomic
 .text.CORE_IrqIsDisabled
                0x0000520c       0x1a ./gecko_sdk_4.3.1/platform/emlib/src/em_core.o
                0x0000520c                CORE_IrqIsDisabled
 .text.EMU_Restore
                0x00005226        0x4 ./gecko_sdk_4.3.1/platform/emlib/src/em_emu.o
                0x00005226                EMU_Restore
 .text.BUS_RegMaskedWrite
                0x0000522a       0x1e ./gecko_sdk_4.3.1/platform/emlib/src/em_gpio.o
 .text.sl_device_init_lfxo
                0x00005248       0x24 ./gecko_sdk_4.3.1/platform/service/device_init/src/sl_device_init_lfxo_s0.o
                0x00005248                sl_device_init_lfxo
 .text.sl_iostream_write
                0x0000526c       0x22 ./gecko_sdk_4.3.1/platform/service/iostream/src/sl_iostream.o
                0x0000526c                sl_iostream_write
 .text.sl_iostream_read
                0x0000528e       0x30 ./gecko_sdk_4.3.1/platform/service/iostream/src/sl_iostream.o
                0x0000528e                sl_iostream_read
 .text._close   0x000052be        0x4 ./gecko_sdk_4.3.1/platform/service/iostream/src/sl_iostream_retarget_stdio.o
                0x000052be                _close
 .text._exit    0x000052c2        0x2 ./gecko_sdk_4.3.1/platform/service/iostream/src/sl_iostream_retarget_stdio.o
                0x000052c2                _exit
 .text._fstat   0x000052c4        0xa ./gecko_sdk_4.3.1/platform/service/iostream/src/sl_iostream_retarget_stdio.o
                0x000052c4                _fstat
 .text._isatty  0x000052ce        0x4 ./gecko_sdk_4.3.1/platform/service/iostream/src/sl_iostream_retarget_stdio.o
                0x000052ce                _isatty
 .text._lseek   0x000052d2        0x4 ./gecko_sdk_4.3.1/platform/service/iostream/src/sl_iostream_retarget_stdio.o
                0x000052d2                _lseek
 .text._read    0x000052d6       0x1c ./gecko_sdk_4.3.1/platform/service/iostream/src/sl_iostream_retarget_stdio.o
                0x000052d6                _read
 .text.swo_write
                0x000052f2       0x1e ./gecko_sdk_4.3.1/platform/service/iostream/src/sl_iostream_swo.o
 .text.sli_power_manager_initiate_restore
                0x00005310       0x16 ./gecko_sdk_4.3.1/platform/service/power_manager/src/sl_power_manager.o
                0x00005310                sli_power_manager_initiate_restore
 .text.sli_power_manager_restore_high_freq_accuracy_clk
                0x00005326        0x2 ./gecko_sdk_4.3.1/platform/service/power_manager/src/sl_power_manager_hal_s0_s1.o
                0x00005326                sli_power_manager_restore_high_freq_accuracy_clk
 .text.sli_power_manager_is_high_freq_accuracy_clk_ready
                0x00005328        0x4 ./gecko_sdk_4.3.1/platform/service/power_manager/src/sl_power_manager_hal_s0_s1.o
                0x00005328                sli_power_manager_is_high_freq_accuracy_clk_ready
 .text.sli_power_manager_get_default_high_frequency_minimum_offtime
                0x0000532c        0x8 ./gecko_sdk_4.3.1/platform/service/power_manager/src/sl_power_manager_hal_s0_s1.o
                0x0000532c                sli_power_manager_get_default_high_frequency_minimum_offtime
 .text.sl_sleeptimer_get_tick_count
                0x00005334       0x18 ./gecko_sdk_4.3.1/platform/service/sleeptimer/src/sl_sleeptimer.o
                0x00005334                sl_sleeptimer_get_tick_count
 .text.sl_system_init
                0x0000534c       0x1a ./gecko_sdk_4.3.1/platform/service/system/src/sl_system_init.o
                0x0000534c                sl_system_init
 .text.Timeout13
                0x00005366        0x6 ./imports/em_usbh.o
 .text.Timeout12
                0x0000536c        0x6 ./imports/em_usbh.o
 .text.Timeout11
                0x00005372        0x6 ./imports/em_usbh.o
 .text.Timeout10
                0x00005378        0x6 ./imports/em_usbh.o
 .text.Timeout9
                0x0000537e        0x6 ./imports/em_usbh.o
 .text.Timeout8
                0x00005384        0x6 ./imports/em_usbh.o
 .text.Timeout7
                0x0000538a        0x6 ./imports/em_usbh.o
 .text.Timeout6
                0x00005390        0x6 ./imports/em_usbh.o
 .text.Timeout5
                0x00005396        0x6 ./imports/em_usbh.o
 .text.Timeout4
                0x0000539c        0x6 ./imports/em_usbh.o
 .text.Timeout3
                0x000053a2        0x6 ./imports/em_usbh.o
 .text.Timeout2
                0x000053a8        0x6 ./imports/em_usbh.o
 .text.Timeout1
                0x000053ae        0x6 ./imports/em_usbh.o
 .text.Timeout0
                0x000053b4        0x6 ./imports/em_usbh.o
 .text.USBH_QGetConfigurationDescriptor
                0x000053ba       0x4a ./imports/em_usbh.o
                0x000053ba                USBH_QGetConfigurationDescriptor
 .text.USBH_QGetInterfaceDescriptor
                0x00005404       0x50 ./imports/em_usbh.o
                0x00005404                USBH_QGetInterfaceDescriptor
 .text.USBH_QGetEndpointDescriptor
                0x00005454       0x54 ./imports/em_usbh.o
                0x00005454                USBH_QGetEndpointDescriptor
 .text.USBH_QueryDeviceB
                0x000054a8       0xb6 ./imports/em_usbh.o
                0x000054a8                USBH_QueryDeviceB
 .text.USBHEP_CtrlEpHandler
                0x0000555e       0x72 ./imports/em_usbhep.o
                0x0000555e                USBHEP_CtrlEpHandler
 .text.USBHEP_EpHandler
                0x000055d0        0xe ./imports/em_usbhep.o
                0x000055d0                USBHEP_EpHandler
 .text.memset   0x000055de       0x10 c:/siliconlabs/simplicitystudio/v5/developer/toolchains/gnu_arm/10.3_2021.10/bin/../lib/gcc/arm-none-eabi/10.3.1/../../../../arm-none-eabi/lib/thumb/v7-m/nofp\libc_nano.a(lib_a-memset.o)
                0x000055de                memset
 .text.__sfmoreglue
                0x000055ee       0x2c c:/siliconlabs/simplicitystudio/v5/developer/toolchains/gnu_arm/10.3_2021.10/bin/../lib/gcc/arm-none-eabi/10.3.1/../../../../arm-none-eabi/lib/thumb/v7-m/nofp\libc_nano.a(lib_a-findfp.o)
                0x000055ee                __sfmoreglue
 .text._fwalk_reent
                0x0000561a       0x3e c:/siliconlabs/simplicitystudio/v5/developer/toolchains/gnu_arm/10.3_2021.10/bin/../lib/gcc/arm-none-eabi/10.3.1/../../../../arm-none-eabi/lib/thumb/v7-m/nofp\libc_nano.a(lib_a-fwalk.o)
                0x0000561a                _fwalk_reent
 .text.__retarget_lock_init_recursive
                0x00005658        0x2 c:/siliconlabs/simplicitystudio/v5/developer/toolchains/gnu_arm/10.3_2021.10/bin/../lib/gcc/arm-none-eabi/10.3.1/../../../../arm-none-eabi/lib/thumb/v7-m/nofp\libc_nano.a(lib_a-lock.o)
                0x00005658                __retarget_lock_init_recursive
 .text.__retarget_lock_acquire_recursive
                0x0000565a        0x2 c:/siliconlabs/simplicitystudio/v5/developer/toolchains/gnu_arm/10.3_2021.10/bin/../lib/gcc/arm-none-eabi/10.3.1/../../../../arm-none-eabi/lib/thumb/v7-m/nofp\libc_nano.a(lib_a-lock.o)
                0x0000565a                __retarget_lock_acquire_recursive
 .text.__retarget_lock_release_recursive
                0x0000565c        0x2 c:/siliconlabs/simplicitystudio/v5/developer/toolchains/gnu_arm/10.3_2021.10/bin/../lib/gcc/arm-none-eabi/10.3.1/../../../../arm-none-eabi/lib/thumb/v7-m/nofp\libc_nano.a(lib_a-lock.o)
                0x0000565c                __retarget_lock_release_recursive
 .text.__swhatbuf_r
                0x0000565e       0x4a c:/siliconlabs/simplicitystudio/v5/developer/toolchains/gnu_arm/10.3_2021.10/bin/../lib/gcc/arm-none-eabi/10.3.1/../../../../arm-none-eabi/lib/thumb/v7-m/nofp\libc_nano.a(lib_a-makebuf.o)
                0x0000565e                __swhatbuf_r
 .text.__sfputc_r
                0x000056a8       0x2a c:/siliconlabs/simplicitystudio/v5/developer/toolchains/gnu_arm/10.3_2021.10/bin/../lib/gcc/arm-none-eabi/10.3.1/../../../../arm-none-eabi/lib/thumb/v7-m/nofp\libc_nano.a(lib_a-nano-vfprintf.o)
 .text.__sfputs_r
                0x000056d2       0x24 c:/siliconlabs/simplicitystudio/v5/developer/toolchains/gnu_arm/10.3_2021.10/bin/../lib/gcc/arm-none-eabi/10.3.1/../../../../arm-none-eabi/lib/thumb/v7-m/nofp\libc_nano.a(lib_a-nano-vfprintf.o)
                0x000056d2                __sfputs_r
 .text._printf_common
                0x000056f6       0xde c:/siliconlabs/simplicitystudio/v5/developer/toolchains/gnu_arm/10.3_2021.10/bin/../lib/gcc/arm-none-eabi/10.3.1/../../../../arm-none-eabi/lib/thumb/v7-m/nofp\libc_nano.a(lib_a-nano-vfprintf_i.o)
                0x000056f6                _printf_common
 .text.__sread  0x000057d4       0x22 c:/siliconlabs/simplicitystudio/v5/developer/toolchains/gnu_arm/10.3_2021.10/bin/../lib/gcc/arm-none-eabi/10.3.1/../../../../arm-none-eabi/lib/thumb/v7-m/nofp\libc_nano.a(lib_a-stdio.o)
                0x000057d4                __sread
 .text.__swrite
                0x000057f6       0x38 c:/siliconlabs/simplicitystudio/v5/developer/toolchains/gnu_arm/10.3_2021.10/bin/../lib/gcc/arm-none-eabi/10.3.1/../../../../arm-none-eabi/lib/thumb/v7-m/nofp\libc_nano.a(lib_a-stdio.o)
                0x000057f6                __swrite
 .text.__sseek  0x0000582e       0x24 c:/siliconlabs/simplicitystudio/v5/developer/toolchains/gnu_arm/10.3_2021.10/bin/../lib/gcc/arm-none-eabi/10.3.1/../../../../arm-none-eabi/lib/thumb/v7-m/nofp\libc_nano.a(lib_a-stdio.o)
                0x0000582e                __sseek
 .text.__sclose
                0x00005852        0x8 c:/siliconlabs/simplicitystudio/v5/developer/toolchains/gnu_arm/10.3_2021.10/bin/../lib/gcc/arm-none-eabi/10.3.1/../../../../arm-none-eabi/lib/thumb/v7-m/nofp\libc_nano.a(lib_a-stdio.o)
                0x00005852                __sclose
 .text.memchr   0x0000585a       0x1c c:/siliconlabs/simplicitystudio/v5/developer/toolchains/gnu_arm/10.3_2021.10/bin/../lib/gcc/arm-none-eabi/10.3.1/../../../../arm-none-eabi/lib/thumb/v7-m/nofp\libc_nano.a(lib_a-memchr-stub.o)
                0x0000585a                memchr
                0x00005876                linker_code_end = .
 *(.init)
 *fill*         0x00005876        0x2 
 .init          0x00005878        0x4 c:/siliconlabs/simplicitystudio/v5/developer/toolchains/gnu_arm/10.3_2021.10/bin/../lib/gcc/arm-none-eabi/10.3.1/thumb/v7-m/nofp/crti.o
                0x00005878                _init
 .init          0x0000587c        0x8 c:/siliconlabs/simplicitystudio/v5/developer/toolchains/gnu_arm/10.3_2021.10/bin/../lib/gcc/arm-none-eabi/10.3.1/thumb/v7-m/nofp/crtn.o
 *(.fini)
 .fini          0x00005884        0x4 c:/siliconlabs/simplicitystudio/v5/developer/toolchains/gnu_arm/10.3_2021.10/bin/../lib/gcc/arm-none-eabi/10.3.1/thumb/v7-m/nofp/crti.o
                0x00005884                _fini
 .fini          0x00005888        0x8 c:/siliconlabs/simplicitystudio/v5/developer/toolchains/gnu_arm/10.3_2021.10/bin/../lib/gcc/arm-none-eabi/10.3.1/thumb/v7-m/nofp/crtn.o
 *crtbegin.o(.ctors)
 *crtbegin?.o(.ctors)
 *(EXCLUDE_FILE(*crtend.o *crtend?.o) .ctors)
 *(SORT_BY_NAME(.ctors.*))
 *(.ctors)
 *crtbegin.o(.dtors)
 *crtbegin?.o(.dtors)
 *(EXCLUDE_FILE(*crtend.o *crtend?.o) .dtors)
 *(SORT_BY_NAME(.dtors.*))
 *(.dtors)
 *(.rodata*)
 .rodata.main.str1.1
                0x00005890       0x15 ./main.o
 *fill*         0x000058a5        0x3 
 .rodata.sl_button_btn0
                0x000058a8       0x18 ./autogen/sl_simple_button_instances.o
                0x000058a8                sl_button_btn0
 .rodata.sl_led_led0
                0x000058c0       0x18 ./autogen/sl_simple_led_instances.o
                0x000058c0                sl_led_led0
 .rodata.sl_slist_push.str1.1
                0x000058d8       0x56 ./gecko_sdk_4.3.1/platform/common/src/sl_slist.o
 .rodata.GPIO_PinInGet.str1.1
                0x0000592e       0x54 ./gecko_sdk_4.3.1/platform/driver/button/src/sl_simple_button.o
 .rodata.sl_simple_button_init.str1.1
                0x00005982       0x65 ./gecko_sdk_4.3.1/platform/driver/button/src/sl_simple_button.o
 .rodata.GPIO_PinOutClear.str1.1
                0x000059e7       0x54 ./gecko_sdk_4.3.1/platform/driver/leddrv/src/sl_simple_led.o
 .rodata.CMU_DivToLog2.str1.1
                0x000059e7       0x53 ./gecko_sdk_4.3.1/platform/emlib/src/em_cmu.o
 .rodata.auxClkGet.str1.1
                0x00005a3a       0x53 ./gecko_sdk_4.3.1/platform/emlib/src/em_cmu.o
 .rodata.CSWTCH.40
                0x00005a8d        0x3 ./gecko_sdk_4.3.1/platform/emlib/src/em_cmu.o
 .rodata.CSWTCH.61
                0x00005a90        0x5 ./gecko_sdk_4.3.1/platform/emlib/src/em_cmu.o
 *fill*         0x00005a95        0x1 
 .rodata.CSWTCH.62
                0x00005a96        0xa ./gecko_sdk_4.3.1/platform/emlib/src/em_cmu.o
 .rodata.CSWTCH.63
                0x00005aa0        0xa ./gecko_sdk_4.3.1/platform/emlib/src/em_cmu.o
 .rodata.CORE_NvicMaskSetIRQ.str1.1
                0x00005aaa       0x54 ./gecko_sdk_4.3.1/platform/emlib/src/em_core.o
 .rodata.GPIO_PinOutSet.str1.1
                0x00005afe       0x54 ./gecko_sdk_4.3.1/platform/emlib/src/em_gpio.o
 .rodata.GPIO_DbgLocationSet.str1.1
                0x00005afe       0x54 ./gecko_sdk_4.3.1/platform/emlib/src/em_gpio.o
 .rodata.GPIO_ExtIntConfig.str1.1
                0x00005b52       0x53 ./gecko_sdk_4.3.1/platform/emlib/src/em_gpio.o
 .rodata.RTC_CompareGet.str1.1
                0x00005ba5       0x53 ./gecko_sdk_4.3.1/platform/emlib/src/em_rtc.o
 .rodata.SYSTEM_ChipRevisionGet.str1.1
                0x00005bf8       0x56 ./gecko_sdk_4.3.1/platform/emlib/src/em_system.o
 .rodata.TIMER_Init.str1.1
                0x00005c4e       0x55 ./gecko_sdk_4.3.1/platform/emlib/src/em_timer.o
 .rodata        0x00005ca3        0x5 ./gecko_sdk_4.3.1/platform/service/device_init/src/sl_device_init_emu_s0.o
 .rodata        0x00005ca8        0x4 ./gecko_sdk_4.3.1/platform/service/device_init/src/sl_device_init_hfxo_s0.o
 .rodata._write.str1.1
                0x00005cac       0x72 ./gecko_sdk_4.3.1/platform/service/iostream/src/sl_iostream_retarget_stdio.o
 .rodata.sli_iosteam_swo_em_transition.str1.1
                0x00005d1e       0x67 ./gecko_sdk_4.3.1/platform/service/iostream/src/sl_iostream_swo.o
 .rodata.power_manager_notify_em_transition.str1.1
                0x00005d85       0x6d ./gecko_sdk_4.3.1/platform/service/power_manager/src/sl_power_manager.o
 .rodata.CSWTCH.56
                0x00005df2        0x4 ./gecko_sdk_4.3.1/platform/service/power_manager/src/sl_power_manager.o
 .rodata.process_timer_irq.str1.1
                0x00005df6       0x67 ./gecko_sdk_4.3.1/platform/service/sleeptimer/src/sl_sleeptimer.o
 .rodata        0x00005e5d        0x3 ./gecko_sdk_4.3.1/platform/service/sleeptimer/src/sl_sleeptimer_hal_rtc.o
 .rodata.USBH_AssignHostChannel.str1.1
                0x00005e60       0x15 ./imports/em_usbh.o
 .rodata.USBH_PrintConfigurationDescriptor.str1.1
                0x00005e75       0xfd ./imports/em_usbh.o
 .rodata.USBH_PrintDeviceDescriptor.str1.1
                0x00005f72      0x15e ./imports/em_usbh.o
 .rodata.USBH_PrintEndpointDescriptor.str1.1
                0x000060d0       0x6a ./imports/em_usbh.o
 .rodata.USBH_PrintInterfaceDescriptor.str1.1
                0x0000613a       0xdb ./imports/em_usbh.o
 *fill*         0x00006215        0x3 
 .rodata.USBH_attachTiming
                0x00006218       0x18 ./imports/em_usbh.o
                0x00006218                USBH_attachTiming
 .rodata.hcTimeoutFunc
                0x00006230       0x38 ./imports/em_usbh.o
 .rodata.USBTIMER_Init.str1.1
                0x00006268       0x55 ./imports/em_usbtimer.o
 .rodata.CheckDevice.str1.1
                0x000062bd       0xc0 ./src/usb_hid.o
 .rodata.InitHidDevice.str1.1
                0x0000637d       0xe6 ./src/usb_hid.o
 .rodata.usb_hid.str1.1
                0x00006463       0xa0 ./src/usb_hid.o
 *fill*         0x00006503        0x1 
 .rodata        0x00006504       0x10 ./src/usb_hid.o
 .rodata._global_impure_ptr
                0x00006514        0x4 c:/siliconlabs/simplicitystudio/v5/developer/toolchains/gnu_arm/10.3_2021.10/bin/../lib/gcc/arm-none-eabi/10.3.1/../../../../arm-none-eabi/lib/thumb/v7-m/nofp\libc_nano.a(lib_a-impure.o)
                0x00006514                _global_impure_ptr
 .rodata.__sf_fake_stderr
                0x00006518       0x20 c:/siliconlabs/simplicitystudio/v5/developer/toolchains/gnu_arm/10.3_2021.10/bin/../lib/gcc/arm-none-eabi/10.3.1/../../../../arm-none-eabi/lib/thumb/v7-m/nofp\libc_nano.a(lib_a-findfp.o)
                0x00006518                __sf_fake_stderr
 .rodata.__sf_fake_stdin
                0x00006538       0x20 c:/siliconlabs/simplicitystudio/v5/developer/toolchains/gnu_arm/10.3_2021.10/bin/../lib/gcc/arm-none-eabi/10.3.1/../../../../arm-none-eabi/lib/thumb/v7-m/nofp\libc_nano.a(lib_a-findfp.o)
                0x00006538                __sf_fake_stdin
 .rodata.__sf_fake_stdout
                0x00006558       0x20 c:/siliconlabs/simplicitystudio/v5/developer/toolchains/gnu_arm/10.3_2021.10/bin/../lib/gcc/arm-none-eabi/10.3.1/../../../../arm-none-eabi/lib/thumb/v7-m/nofp\libc_nano.a(lib_a-findfp.o)
                0x00006558                __sf_fake_stdout
 .rodata._vfprintf_r.str1.1
                0x00006578       0x11 c:/siliconlabs/simplicitystudio/v5/developer/toolchains/gnu_arm/10.3_2021.10/bin/../lib/gcc/arm-none-eabi/10.3.1/../../../../arm-none-eabi/lib/thumb/v7-m/nofp\libc_nano.a(lib_a-nano-vfprintf.o)
 .rodata._printf_i.str1.1
                0x00006589       0x22 c:/siliconlabs/simplicitystudio/v5/developer/toolchains/gnu_arm/10.3_2021.10/bin/../lib/gcc/arm-none-eabi/10.3.1/../../../../arm-none-eabi/lib/thumb/v7-m/nofp\libc_nano.a(lib_a-nano-vfprintf_i.o)
 *(.eh_frame*)
 *fill*         0x000065ab        0x1 
 .eh_frame      0x000065ac        0x0 c:/siliconlabs/simplicitystudio/v5/developer/toolchains/gnu_arm/10.3_2021.10/bin/../lib/gcc/arm-none-eabi/10.3.1/thumb/v7-m/nofp/crtbegin.o

.glue_7         0x000065ac        0x0
 .glue_7        0x000065ac        0x0 linker stubs

.glue_7t        0x000065ac        0x0
 .glue_7t       0x000065ac        0x0 linker stubs

.vfp11_veneer   0x000065ac        0x0
 .vfp11_veneer  0x000065ac        0x0 linker stubs

.v4_bx          0x000065ac        0x0
 .v4_bx         0x000065ac        0x0 linker stubs

.iplt           0x000065ac        0x0
 .iplt          0x000065ac        0x0 c:/siliconlabs/simplicitystudio/v5/developer/toolchains/gnu_arm/10.3_2021.10/bin/../lib/gcc/arm-none-eabi/10.3.1/thumb/v7-m/nofp/crtbegin.o

.ARM.extab
 *(.ARM.extab* .gnu.linkonce.armextab.*)
                0x000065ac                __exidx_start = .

.ARM.exidx      0x000065ac        0x8
 *(.ARM.exidx* .gnu.linkonce.armexidx.*)
 .ARM.exidx     0x000065ac        0x8 c:/siliconlabs/simplicitystudio/v5/developer/toolchains/gnu_arm/10.3_2021.10/bin/../lib/gcc/arm-none-eabi/10.3.1/../../../../arm-none-eabi/lib/thumb/v7-m/nofp/crt0.o
                                 0x10 (size before relaxing)
 .ARM.exidx     0x000065b4        0x0 c:/siliconlabs/simplicitystudio/v5/developer/toolchains/gnu_arm/10.3_2021.10/bin/../lib/gcc/arm-none-eabi/10.3.1/thumb/v7-m/nofp\libgcc.a(_udivmoddi4.o)
                                  0x8 (size before relaxing)
                0x000065b4                __exidx_end = .

.rel.dyn        0x000065b4        0x0
 .rel.iplt      0x000065b4        0x0 c:/siliconlabs/simplicitystudio/v5/developer/toolchains/gnu_arm/10.3_2021.10/bin/../lib/gcc/arm-none-eabi/10.3.1/thumb/v7-m/nofp/crtbegin.o

.copy.table     0x000065b4        0xc
                0x000065b4                . = ALIGN (0x4)
                0x000065b4                __copy_table_start__ = .
                0x000065b4        0x4 LONG 0x65c0 __etext
                0x000065b8        0x4 LONG 0x20001000 __data_start__
                0x000065bc        0x4 LONG 0x28 ((__data_end__ - __data_start__) / 0x4)
                0x000065c0                __copy_table_end__ = .

.zero.table     0x000065c0        0x0
                0x000065c0                . = ALIGN (0x4)
                0x000065c0                __zero_table_start__ = .
                0x000065c0                __zero_table_end__ = .
                0x000065c0                __etext = .
                0x20000000                . = ORIGIN (RAM)

.stack          0x20000000     0x1000
                0x20000000                __StackLimit = .
 *(.stack*)
 .stack         0x20000000     0x1000 ./gecko_sdk_4.3.1/platform/common/toolchain/src/sl_memory.o
                0x20001000                . = ALIGN (0x4)
                0x20001000                __StackTop = .
                0x20001000                PROVIDE (__stack = __StackTop)

.noinit
 *(.noinit*)

.data           0x20001000       0xa0 load address 0x000065c0
                0x20001000                . = ALIGN (0x4)
                0x20001000                __data_start__ = .
 *(vtable)
 *(SORT_BY_ALIGNMENT(.data*))
 .data.SystemCoreClock
                0x20001000        0x4 ./gecko_sdk_4.3.1/platform/Device/SiliconLabs/EFM32GG/Source/system_efm32gg.o
                0x20001000                SystemCoreClock
 .data.SystemHFXOClock
                0x20001004        0x4 ./gecko_sdk_4.3.1/platform/Device/SiliconLabs/EFM32GG/Source/system_efm32gg.o
 .data.SystemLFXOClock
                0x20001008        0x4 ./gecko_sdk_4.3.1/platform/Device/SiliconLabs/EFM32GG/Source/system_efm32gg.o
 .data.heap_end.0
                0x2000100c        0x4 ./gecko_sdk_4.3.1/platform/common/toolchain/src/sl_memory.o
 .data.event_info
                0x20001010        0x8 ./gecko_sdk_4.3.1/platform/service/iostream/src/sl_iostream_swo.o
 .data.sl_iostream_swo
                0x20001018        0xc ./gecko_sdk_4.3.1/platform/service/iostream/src/sl_iostream_swo.o
 .data._impure_ptr
                0x20001024        0x4 c:/siliconlabs/simplicitystudio/v5/developer/toolchains/gnu_arm/10.3_2021.10/bin/../lib/gcc/arm-none-eabi/10.3.1/../../../../arm-none-eabi/lib/thumb/v7-m/nofp\libc_nano.a(lib_a-impure.o)
                0x20001024                _impure_ptr
 .data.impure_data
                0x20001028       0x60 c:/siliconlabs/simplicitystudio/v5/developer/toolchains/gnu_arm/10.3_2021.10/bin/../lib/gcc/arm-none-eabi/10.3.1/../../../../arm-none-eabi/lib/thumb/v7-m/nofp\libc_nano.a(lib_a-impure.o)
 .data.simple_btn0_context
                0x20001088        0x8 ./autogen/sl_simple_button_instances.o
                0x20001088                simple_btn0_context
 .data.hfxo_precision
                0x20001090        0x2 ./gecko_sdk_4.3.1/platform/emlib/src/em_cmu.o
 .data.lfxo_precision
                0x20001092        0x2 ./gecko_sdk_4.3.1/platform/emlib/src/em_cmu.o
 .data.simple_led0_context
                0x20001094        0x3 ./autogen/sl_simple_led_instances.o
                0x20001094                simple_led0_context
 .data.comp_int_disabled
                0x20001097        0x1 ./gecko_sdk_4.3.1/platform/service/sleeptimer/src/sl_sleeptimer_hal_rtc.o
                0x20001098                . = ALIGN (0x4)
                [!provide]                PROVIDE (__ram_func_section_start = .)
 *(.ram)
                [!provide]                PROVIDE (__ram_func_section_end = .)
                0x20001098                . = ALIGN (0x4)
                0x20001098                PROVIDE (__preinit_array_start = .)
 *(.preinit_array)
                0x20001098                PROVIDE (__preinit_array_end = .)
                0x20001098                . = ALIGN (0x4)
                0x20001098                PROVIDE (__init_array_start = .)
 *(SORT_BY_NAME(.init_array.*))
 *(.init_array)
 .init_array    0x20001098        0x4 c:/siliconlabs/simplicitystudio/v5/developer/toolchains/gnu_arm/10.3_2021.10/bin/../lib/gcc/arm-none-eabi/10.3.1/thumb/v7-m/nofp/crtbegin.o
                0x2000109c                PROVIDE (__init_array_end = .)
                0x2000109c                . = ALIGN (0x4)
                [!provide]                PROVIDE (__fini_array_start = .)
 *(SORT_BY_NAME(.fini_array.*))
 *(.fini_array)
 .fini_array    0x2000109c        0x4 c:/siliconlabs/simplicitystudio/v5/developer/toolchains/gnu_arm/10.3_2021.10/bin/../lib/gcc/arm-none-eabi/10.3.1/thumb/v7-m/nofp/crtbegin.o
                [!provide]                PROVIDE (__fini_array_end = .)
                0x200010a0                . = ALIGN (0x4)
                0x200010a0                __data_end__ = .

.igot.plt       0x200010a0        0x0 load address 0x00006660
 .igot.plt      0x200010a0        0x0 c:/siliconlabs/simplicitystudio/v5/developer/toolchains/gnu_arm/10.3_2021.10/bin/../lib/gcc/arm-none-eabi/10.3.1/thumb/v7-m/nofp/crtbegin.o

.bss            0x200010a0      0xbb8 load address 0x00006660
                0x200010a0                . = ALIGN (0x4)
                0x200010a0                __bss_start__ = .
 *(SORT_BY_ALIGNMENT(.bss*))
 .bss           0x200010a0       0x1c c:/siliconlabs/simplicitystudio/v5/developer/toolchains/gnu_arm/10.3_2021.10/bin/../lib/gcc/arm-none-eabi/10.3.1/thumb/v7-m/nofp/crtbegin.o
 .bss.gpioCallbacks
                0x200010bc      0x200 ./gecko_sdk_4.3.1/platform/emdrv/gpiointerrupt/src/gpiointerrupt.o
 .bss.cmuStatus.1
                0x200012bc        0x4 ./gecko_sdk_4.3.1/platform/emlib/src/em_emu.o
 .bss.sli_iostream_default
                0x200012c0        0x4 ./gecko_sdk_4.3.1/platform/service/iostream/src/sl_iostream.o
 .bss.event_handle
                0x200012c4        0x8 ./gecko_sdk_4.3.1/platform/service/iostream/src/sl_iostream_swo.o
 .bss.high_frequency_min_offtime_tick
                0x200012cc        0x4 ./gecko_sdk_4.3.1/platform/service/power_manager/src/sl_power_manager.o
                0x200012cc                high_frequency_min_offtime_tick
 .bss.power_manager_em_transition_event_list
                0x200012d0        0x4 ./gecko_sdk_4.3.1/platform/service/power_manager/src/sl_power_manager.o
 .bss.sleeptimer_frequency
                0x200012d4        0x4 ./gecko_sdk_4.3.1/platform/service/power_manager/src/sl_power_manager.o
 .bss.wakeup_time_config_overhead_tick
                0x200012d8        0x4 ./gecko_sdk_4.3.1/platform/service/power_manager/src/sl_power_manager.o
                0x200012d8                wakeup_time_config_overhead_tick
 .bss.cmu_status
                0x200012dc        0x4 ./gecko_sdk_4.3.1/platform/service/power_manager/src/sl_power_manager_hal_s0_s1.o
 .bss.hf_x_oscillator_wakeup_time_tc_inital
                0x200012e0        0x4 ./gecko_sdk_4.3.1/platform/service/power_manager/src/sl_power_manager_hal_s0_s1.o
 .bss.hfxo_wakeup_time_tick
                0x200012e4        0x4 ./gecko_sdk_4.3.1/platform/service/power_manager/src/sl_power_manager_hal_s0_s1.o
 .bss.process_wakeup_overhead_tick
                0x200012e8        0x4 ./gecko_sdk_4.3.1/platform/service/power_manager/src/sl_power_manager_hal_s0_s1.o
 .bss.last_delta_update_count
                0x200012ec        0x4 ./gecko_sdk_4.3.1/platform/service/sleeptimer/src/sl_sleeptimer.o
 .bss.max_millisecond_conversion
                0x200012f0        0x4 ./gecko_sdk_4.3.1/platform/service/sleeptimer/src/sl_sleeptimer.o
 .bss.timer_frequency
                0x200012f4        0x4 ./gecko_sdk_4.3.1/platform/service/sleeptimer/src/sl_sleeptimer.o
 .bss.timer_head
                0x200012f8        0x4 ./gecko_sdk_4.3.1/platform/service/sleeptimer/src/sl_sleeptimer.o
 .bss.compare_value_32
                0x200012fc        0x4 ./gecko_sdk_4.3.1/platform/service/sleeptimer/src/sl_sleeptimer_hal_rtc.o
 .bss.USBH_attachRetryCount
                0x20001300        0x4 ./imports/em_usbh.o
                0x20001300                USBH_attachRetryCount
 .bss.USBH_initData
                0x20001304       0x10 ./imports/em_usbh.o
                0x20001304                USBH_initData
 .bss.hcs       0x20001314       0x38 ./imports/em_usbh.o
                0x20001314                hcs
 .bss.head      0x2000134c        0x4 ./imports/em_usbtimer.o
 .bss.ticksPr100us
                0x20001350        0x4 ./imports/em_usbtimer.o
 .bss.ticksPr10us
                0x20001354        0x4 ./imports/em_usbtimer.o
 .bss.ticksPr1us
                0x20001358        0x4 ./imports/em_usbtimer.o
 .bss.ticksPrMs
                0x2000135c        0x4 ./imports/em_usbtimer.o
 .bss.timers    0x20001360       0x30 ./imports/em_usbtimer.o
 .bss.device    0x20001390       0x68 ./src/usb_hid.o
 .bss.ep        0x200013f8       0x38 ./src/usb_hid.o
 .bss.tmpBufHid
                0x20001430      0x400 ./src/usb_hid.o
 .bss.tmpBufHidCheck.0
                0x20001830      0x400 ./src/usb_hid.o
 .bss.__malloc_free_list
                0x20001c30        0x4 c:/siliconlabs/simplicitystudio/v5/developer/toolchains/gnu_arm/10.3_2021.10/bin/../lib/gcc/arm-none-eabi/10.3.1/../../../../arm-none-eabi/lib/thumb/v7-m/nofp\libc_nano.a(lib_a-nano-mallocr.o)
                0x20001c30                __malloc_free_list
 .bss.__malloc_sbrk_start
                0x20001c34        0x4 c:/siliconlabs/simplicitystudio/v5/developer/toolchains/gnu_arm/10.3_2021.10/bin/../lib/gcc/arm-none-eabi/10.3.1/../../../../arm-none-eabi/lib/thumb/v7-m/nofp\libc_nano.a(lib_a-nano-mallocr.o)
                0x20001c34                __malloc_sbrk_start
 .bss.errno     0x20001c38        0x4 c:/siliconlabs/simplicitystudio/v5/developer/toolchains/gnu_arm/10.3_2021.10/bin/../lib/gcc/arm-none-eabi/10.3.1/../../../../arm-none-eabi/lib/thumb/v7-m/nofp\libc_nano.a(lib_a-reent.o)
                0x20001c38                errno
 .bss.overflow_counter
                0x20001c3c        0x2 ./gecko_sdk_4.3.1/platform/service/sleeptimer/src/sl_sleeptimer.o
 .bss.hfClock.0
                0x20001c3e        0x1 ./gecko_sdk_4.3.1/platform/emlib/src/em_emu.o
 .bss.current_em
                0x20001c3f        0x1 ./gecko_sdk_4.3.1/platform/service/power_manager/src/sl_power_manager.o
 .bss.is_actively_waiting_for_clock_restore
                0x20001c40        0x1 ./gecko_sdk_4.3.1/platform/service/power_manager/src/sl_power_manager.o
 .bss.is_hf_x_oscillator_not_preserved
                0x20001c41        0x1 ./gecko_sdk_4.3.1/platform/service/power_manager/src/sl_power_manager.o
 .bss.is_initialized
                0x20001c42        0x1 ./gecko_sdk_4.3.1/platform/service/power_manager/src/sl_power_manager.o
 .bss.is_sleeping_waiting_for_clock_restore
                0x20001c43        0x1 ./gecko_sdk_4.3.1/platform/service/power_manager/src/sl_power_manager.o
 .bss.is_states_saved
                0x20001c44        0x1 ./gecko_sdk_4.3.1/platform/service/power_manager/src/sl_power_manager.o
 .bss.requirement_em_table
                0x20001c45        0x2 ./gecko_sdk_4.3.1/platform/service/power_manager/src/sl_power_manager.o
 .bss.waiting_clock_restore_from_em
                0x20001c47        0x1 ./gecko_sdk_4.3.1/platform/service/power_manager/src/sl_power_manager.o
 .bss.is_hf_x_oscillator_already_started
                0x20001c48        0x1 ./gecko_sdk_4.3.1/platform/service/power_manager/src/sl_power_manager_hal_s0_s1.o
 .bss.is_hf_x_oscillator_used
                0x20001c49        0x1 ./gecko_sdk_4.3.1/platform/service/power_manager/src/sl_power_manager_hal_s0_s1.o
 .bss.is_sleeptimer_initialized
                0x20001c4a        0x1 ./gecko_sdk_4.3.1/platform/service/sleeptimer/src/sl_sleeptimer.o
 .bss.next_timer_to_expire_is_power_manager
                0x20001c4b        0x1 ./gecko_sdk_4.3.1/platform/service/sleeptimer/src/sl_sleeptimer.o
 .bss.sleep_on_isr_exit
                0x20001c4c        0x1 ./gecko_sdk_4.3.1/platform/service/sleeptimer/src/sl_sleeptimer.o
 .bss.rtc_overflow_count
                0x20001c4d        0x1 ./gecko_sdk_4.3.1/platform/service/sleeptimer/src/sl_sleeptimer_hal_rtc.o
 .bss.USBH_portStatus
                0x20001c4e        0x1 ./imports/em_usbh.o
                0x20001c4e                USBH_portStatus
 .bss.ledTimerDone
                0x20001c4f        0x1 ./src/usb_hid.o
 .bss.pollTimerDone
                0x20001c50        0x1 ./src/usb_hid.o
 .bss.suspendTimerDone
                0x20001c51        0x1 ./src/usb_hid.o
 .bss.__lock___malloc_recursive_mutex
                0x20001c52        0x1 c:/siliconlabs/simplicitystudio/v5/developer/toolchains/gnu_arm/10.3_2021.10/bin/../lib/gcc/arm-none-eabi/10.3.1/../../../../arm-none-eabi/lib/thumb/v7-m/nofp\libc_nano.a(lib_a-lock.o)
                0x20001c52                __lock___malloc_recursive_mutex
 .bss.__lock___sfp_recursive_mutex
                0x20001c53        0x1 c:/siliconlabs/simplicitystudio/v5/developer/toolchains/gnu_arm/10.3_2021.10/bin/../lib/gcc/arm-none-eabi/10.3.1/../../../../arm-none-eabi/lib/thumb/v7-m/nofp\libc_nano.a(lib_a-lock.o)
                0x20001c53                __lock___sfp_recursive_mutex
 .bss.__lock___sinit_recursive_mutex
                0x20001c54        0x1 c:/siliconlabs/simplicitystudio/v5/developer/toolchains/gnu_arm/10.3_2021.10/bin/../lib/gcc/arm-none-eabi/10.3.1/../../../../arm-none-eabi/lib/thumb/v7-m/nofp\libc_nano.a(lib_a-lock.o)
                0x20001c54                __lock___sinit_recursive_mutex
 *(COMMON)
                0x20001c58                . = ALIGN (0x4)
 *fill*         0x20001c55        0x3 
                0x20001c58                __bss_end__ = .

.heap           0x20001c58      0x800
                0x20001c58                __HeapBase = .
                0x20001c58                __end__ = .
                0x20001c58                end = __end__
                0x20001c58                _end = __end__
 *(.heap*)
 .heap          0x20001c58      0x800 ./gecko_sdk_4.3.1/platform/common/toolchain/src/sl_memory.o
                0x20020000                __HeapLimit = (ORIGIN (RAM) + LENGTH (RAM))
                0x0001e3a8                __heap_size = (__HeapLimit - __HeapBase)
                0x20020000                __ram_end__ = 0x20020000
                0x00100000                __main_flash_end__ = 0x100000

.internal_storage
                0x000065c0        0x0
 *(.internal_storage*)

.nvm            0x000065c0        0x0
 *(.simee*)
                0x00100000                linker_nvm_end = __main_flash_end__
                0x00100000                linker_nvm_begin = (linker_nvm_end - SIZEOF (.nvm))
                0x00000000                linker_nvm_size = SIZEOF (.nvm)
                0x00100000                linker_storage_end = linker_nvm_begin
                0x00100000                __nvm3Base = linker_nvm_begin
                0x00100000                linker_storage_begin = (linker_storage_end - SIZEOF (.internal_storage))
                0x00000000                linker_storage_size = SIZEOF (.internal_storage)
                0x00000001                ASSERT ((linker_storage_begin >= (__etext + SIZEOF (.data))), FLASH memory overflowed !)
OUTPUT(simple_button_baremetal.axf elf32-littlearm)
LOAD linker stubs

.ARM.attributes
                0x00000000       0x29
 .ARM.attributes
                0x00000000       0x1d c:/siliconlabs/simplicitystudio/v5/developer/toolchains/gnu_arm/10.3_2021.10/bin/../lib/gcc/arm-none-eabi/10.3.1/thumb/v7-m/nofp/crti.o
 .ARM.attributes
                0x0000001d       0x2d c:/siliconlabs/simplicitystudio/v5/developer/toolchains/gnu_arm/10.3_2021.10/bin/../lib/gcc/arm-none-eabi/10.3.1/thumb/v7-m/nofp/crtbegin.o
 .ARM.attributes
                0x0000004a       0x1b c:/siliconlabs/simplicitystudio/v5/developer/toolchains/gnu_arm/10.3_2021.10/bin/../lib/gcc/arm-none-eabi/10.3.1/../../../../arm-none-eabi/lib/thumb/v7-m/nofp/crt0.o
 .ARM.attributes
                0x00000065       0x2d ./app.o
 .ARM.attributes
                0x00000092       0x2d ./main.o
 .ARM.attributes
                0x000000bf       0x2d ./autogen/sl_board_default_init.o
 .ARM.attributes
                0x000000ec       0x2d ./autogen/sl_device_init_clocks.o
 .ARM.attributes
                0x00000119       0x2d ./autogen/sl_event_handler.o
 .ARM.attributes
                0x00000146       0x2d ./autogen/sl_simple_button_instances.o
 .ARM.attributes
                0x00000173       0x2d ./autogen/sl_simple_led_instances.o
 .ARM.attributes
                0x000001a0       0x2d ./debug_utils/redirect_printf.o
 .ARM.attributes
                0x000001cd       0x2d ./gecko_sdk_4.3.1/hardware/board/src/sl_board_control_gpio.o
 .ARM.attributes
                0x000001fa       0x2d ./gecko_sdk_4.3.1/hardware/board/src/sl_board_init.o
 .ARM.attributes
                0x00000227       0x2d ./gecko_sdk_4.3.1/platform/Device/SiliconLabs/EFM32GG/Source/startup_efm32gg.o
 .ARM.attributes
                0x00000254       0x2d ./gecko_sdk_4.3.1/platform/Device/SiliconLabs/EFM32GG/Source/system_efm32gg.o
 .ARM.attributes
                0x00000281       0x2d ./gecko_sdk_4.3.1/platform/common/src/sl_assert.o
 .ARM.attributes
                0x000002ae       0x2d ./gecko_sdk_4.3.1/platform/common/src/sl_slist.o
 .ARM.attributes
                0x000002db       0x2d ./gecko_sdk_4.3.1/platform/common/toolchain/src/sl_memory.o
 .ARM.attributes
                0x00000308       0x2d ./gecko_sdk_4.3.1/platform/driver/button/src/sl_button.o
 .ARM.attributes
                0x00000335       0x2d ./gecko_sdk_4.3.1/platform/driver/button/src/sl_simple_button.o
 .ARM.attributes
                0x00000362       0x2d ./gecko_sdk_4.3.1/platform/driver/debug/src/sl_debug_swo.o
 .ARM.attributes
                0x0000038f       0x2d ./gecko_sdk_4.3.1/platform/driver/leddrv/src/sl_led.o
 .ARM.attributes
                0x000003bc       0x2d ./gecko_sdk_4.3.1/platform/driver/leddrv/src/sl_simple_led.o
 .ARM.attributes
                0x000003e9       0x2d ./gecko_sdk_4.3.1/platform/emdrv/gpiointerrupt/src/gpiointerrupt.o
 .ARM.attributes
                0x00000416       0x2d ./gecko_sdk_4.3.1/platform/emlib/src/em_cmu.o
 .ARM.attributes
                0x00000443       0x2d ./gecko_sdk_4.3.1/platform/emlib/src/em_core.o
 .ARM.attributes
                0x00000470       0x2d ./gecko_sdk_4.3.1/platform/emlib/src/em_emu.o
 .ARM.attributes
                0x0000049d       0x2d ./gecko_sdk_4.3.1/platform/emlib/src/em_gpio.o
 .ARM.attributes
                0x000004ca       0x2d ./gecko_sdk_4.3.1/platform/emlib/src/em_rtc.o
 .ARM.attributes
                0x000004f7       0x2d ./gecko_sdk_4.3.1/platform/emlib/src/em_system.o
 .ARM.attributes
                0x00000524       0x2d ./gecko_sdk_4.3.1/platform/emlib/src/em_timer.o
 .ARM.attributes
                0x00000551       0x2d ./gecko_sdk_4.3.1/platform/service/device_init/src/sl_device_init_emu_s0.o
 .ARM.attributes
                0x0000057e       0x2d ./gecko_sdk_4.3.1/platform/service/device_init/src/sl_device_init_hfxo_s0.o
 .ARM.attributes
                0x000005ab       0x2d ./gecko_sdk_4.3.1/platform/service/device_init/src/sl_device_init_lfxo_s0.o
 .ARM.attributes
                0x000005d8       0x2d ./gecko_sdk_4.3.1/platform/service/device_init/src/sl_device_init_nvic.o
 .ARM.attributes
                0x00000605       0x2d ./gecko_sdk_4.3.1/platform/service/iostream/src/sl_iostream.o
 .ARM.attributes
                0x00000632       0x2d ./gecko_sdk_4.3.1/platform/service/iostream/src/sl_iostream_retarget_stdio.o
 .ARM.attributes
                0x0000065f       0x2d ./gecko_sdk_4.3.1/platform/service/iostream/src/sl_iostream_stdlib_config.o
 .ARM.attributes
                0x0000068c       0x2d ./gecko_sdk_4.3.1/platform/service/iostream/src/sl_iostream_swo.o
 .ARM.attributes
                0x000006b9       0x2d ./gecko_sdk_4.3.1/platform/service/power_manager/src/sl_power_manager.o
 .ARM.attributes
                0x000006e6       0x2d ./gecko_sdk_4.3.1/platform/service/power_manager/src/sl_power_manager_hal_s0_s1.o
 .ARM.attributes
                0x00000713       0x2d ./gecko_sdk_4.3.1/platform/service/sleeptimer/src/sl_sleeptimer.o
 .ARM.attributes
                0x00000740       0x2d ./gecko_sdk_4.3.1/platform/service/sleeptimer/src/sl_sleeptimer_hal_rtc.o
 .ARM.attributes
                0x0000076d       0x2d ./gecko_sdk_4.3.1/platform/service/system/src/sl_system_init.o
 .ARM.attributes
                0x0000079a       0x2d ./imports/em_usbh.o
 .ARM.attributes
                0x000007c7       0x2d ./imports/em_usbhal.o
 .ARM.attributes
                0x000007f4       0x2d ./imports/em_usbhep.o
 .ARM.attributes
                0x00000821       0x2d ./imports/em_usbhint.o
 .ARM.attributes
                0x0000084e       0x2d ./imports/em_usbtimer.o
 .ARM.attributes
                0x0000087b       0x2d ./src/usb_hid.o
 .ARM.attributes
                0x000008a8       0x1d c:/siliconlabs/simplicitystudio/v5/developer/toolchains/gnu_arm/10.3_2021.10/bin/../lib/gcc/arm-none-eabi/10.3.1/thumb/v7-m/nofp\libgcc.a(_aeabi_uldivmod.o)
 .ARM.attributes
                0x000008c5       0x2d c:/siliconlabs/simplicitystudio/v5/developer/toolchains/gnu_arm/10.3_2021.10/bin/../lib/gcc/arm-none-eabi/10.3.1/thumb/v7-m/nofp\libgcc.a(_udivmoddi4.o)
 .ARM.attributes
                0x000008f2       0x1d c:/siliconlabs/simplicitystudio/v5/developer/toolchains/gnu_arm/10.3_2021.10/bin/../lib/gcc/arm-none-eabi/10.3.1/thumb/v7-m/nofp\libgcc.a(_dvmd_tls.o)
 .ARM.attributes
                0x0000090f       0x2d c:/siliconlabs/simplicitystudio/v5/developer/toolchains/gnu_arm/10.3_2021.10/bin/../lib/gcc/arm-none-eabi/10.3.1/../../../../arm-none-eabi/lib/thumb/v7-m/nofp\libc_nano.a(lib_a-exit.o)
 .ARM.attributes
                0x0000093c       0x2d c:/siliconlabs/simplicitystudio/v5/developer/toolchains/gnu_arm/10.3_2021.10/bin/../lib/gcc/arm-none-eabi/10.3.1/../../../../arm-none-eabi/lib/thumb/v7-m/nofp\libc_nano.a(lib_a-impure.o)
 .ARM.attributes
                0x00000969       0x2d c:/siliconlabs/simplicitystudio/v5/developer/toolchains/gnu_arm/10.3_2021.10/bin/../lib/gcc/arm-none-eabi/10.3.1/../../../../arm-none-eabi/lib/thumb/v7-m/nofp\libc_nano.a(lib_a-init.o)
 .ARM.attributes
                0x00000996       0x2d c:/siliconlabs/simplicitystudio/v5/developer/toolchains/gnu_arm/10.3_2021.10/bin/../lib/gcc/arm-none-eabi/10.3.1/../../../../arm-none-eabi/lib/thumb/v7-m/nofp\libc_nano.a(lib_a-memset.o)
 .ARM.attributes
                0x000009c3       0x2d c:/siliconlabs/simplicitystudio/v5/developer/toolchains/gnu_arm/10.3_2021.10/bin/../lib/gcc/arm-none-eabi/10.3.1/../../../../arm-none-eabi/lib/thumb/v7-m/nofp\libc_nano.a(lib_a-printf.o)
 .ARM.attributes
                0x000009f0       0x2d c:/siliconlabs/simplicitystudio/v5/developer/toolchains/gnu_arm/10.3_2021.10/bin/../lib/gcc/arm-none-eabi/10.3.1/../../../../arm-none-eabi/lib/thumb/v7-m/nofp\libc_nano.a(lib_a-putchar.o)
 .ARM.attributes
                0x00000a1d       0x2d c:/siliconlabs/simplicitystudio/v5/developer/toolchains/gnu_arm/10.3_2021.10/bin/../lib/gcc/arm-none-eabi/10.3.1/../../../../arm-none-eabi/lib/thumb/v7-m/nofp\libc_nano.a(lib_a-puts.o)
 .ARM.attributes
                0x00000a4a       0x2d c:/siliconlabs/simplicitystudio/v5/developer/toolchains/gnu_arm/10.3_2021.10/bin/../lib/gcc/arm-none-eabi/10.3.1/../../../../arm-none-eabi/lib/thumb/v7-m/nofp\libc_nano.a(lib_a-setvbuf.o)
 .ARM.attributes